Component: ARM Compiler 5.05 update 1 (build 106) Tool: armlink [4d0efa]

==============================================================================

Section Cross References

    main.o(i.led0_task) refers to tcp_client.o(i.MQTT_CON_ALI) for MQTT_CON_ALI
    main.o(i.main) refers to stm32f1xx_hal.o(i.HAL_Init) for HAL_Init
    main.o(i.main) refers to sys.o(i.Stm32_Clock_Init) for Stm32_Clock_Init
    main.o(i.main) refers to delay.o(i.delay_init) for delay_init
    main.o(i.main) refers to usart.o(i.uart_init) for uart_init
    main.o(i.main) refers to device.o(i.GPIO_Configuration) for GPIO_Configuration
    main.o(i.main) refers to spi.o(i.WIZ_SPI_Init) for WIZ_SPI_Init
    main.o(i.main) refers to device.o(i.Reset_W5500) for Reset_W5500
    main.o(i.main) refers to device.o(i.set_default) for set_default
    main.o(i.main) refers to device.o(i.set_network) for set_network
    main.o(i.main) refers to led.o(i.LED_Init) for LED_Init
    main.o(i.main) refers to tasks.o(i.xTaskCreate) for xTaskCreate
    main.o(i.main) refers to tasks.o(i.vTaskStartScheduler) for vTaskStartScheduler
    main.o(i.main) refers to main.o(.data) for StartTask_Handler
    main.o(i.main) refers to main.o(i.start_task) for start_task
    main.o(i.start_task) refers to port.o(i.vPortEnterCritical) for vPortEnterCritical
    main.o(i.start_task) refers to tasks.o(i.xTaskCreate) for xTaskCreate
    main.o(i.start_task) refers to tasks.o(i.vTaskDelete) for vTaskDelete
    main.o(i.start_task) refers to port.o(i.vPortExitCritical) for vPortExitCritical
    main.o(i.start_task) refers to main.o(.data) for LED0Task_Handler
    main.o(i.start_task) refers to main.o(i.led0_task) for led0_task
    system_stm32f1xx.o(i.SystemCoreClockUpdate) refers to system_stm32f1xx.o(.data) for SystemCoreClock
    system_stm32f1xx.o(i.SystemCoreClockUpdate) refers to system_stm32f1xx.o(.constdata) for AHBPrescTable
    stm32f1xx_hal.o(i.HAL_DeInit) refers to stm32f1xx_hal_msp.o(i.HAL_MspDeInit) for HAL_MspDeInit
    stm32f1xx_hal.o(i.HAL_Delay) refers to stm32f1xx_hal.o(i.HAL_GetTick) for HAL_GetTick
    stm32f1xx_hal.o(i.HAL_Delay) refers to stm32f1xx_hal.o(.data) for uwTickFreq
    stm32f1xx_hal.o(i.HAL_GetTick) refers to stm32f1xx_hal.o(.data) for uwTick
    stm32f1xx_hal.o(i.HAL_GetTickFreq) refers to stm32f1xx_hal.o(.data) for uwTickFreq
    stm32f1xx_hal.o(i.HAL_GetTickPrio) refers to stm32f1xx_hal.o(.data) for uwTickPrio
    stm32f1xx_hal.o(i.HAL_IncTick) refers to stm32f1xx_hal.o(.data) for uwTick
    stm32f1xx_hal.o(i.HAL_Init) refers to stm32f1xx_hal_cortex.o(i.HAL_NVIC_SetPriorityGrouping) for HAL_NVIC_SetPriorityGrouping
    stm32f1xx_hal.o(i.HAL_Init) refers to stm32f1xx_hal.o(i.HAL_InitTick) for HAL_InitTick
    stm32f1xx_hal.o(i.HAL_Init) refers to stm32f1xx_hal_msp.o(i.HAL_MspInit) for HAL_MspInit
    stm32f1xx_hal.o(i.HAL_InitTick) refers to stm32f1xx_hal_cortex.o(i.HAL_SYSTICK_Config) for HAL_SYSTICK_Config
    stm32f1xx_hal.o(i.HAL_InitTick) refers to stm32f1xx_hal_cortex.o(i.HAL_NVIC_SetPriority) for HAL_NVIC_SetPriority
    stm32f1xx_hal.o(i.HAL_InitTick) refers to stm32f1xx_hal.o(.data) for uwTickFreq
    stm32f1xx_hal.o(i.HAL_InitTick) refers to system_stm32f1xx.o(.data) for SystemCoreClock
    stm32f1xx_hal.o(i.HAL_SetTickFreq) refers to stm32f1xx_hal.o(i.HAL_InitTick) for HAL_InitTick
    stm32f1xx_hal.o(i.HAL_SetTickFreq) refers to stm32f1xx_hal.o(.data) for uwTickFreq
    stm32f1xx_hal_cortex.o(i.HAL_NVIC_GetPriorityGrouping) refers to stm32f1xx_hal_cortex.o(i.__NVIC_GetPriorityGrouping) for __NVIC_GetPriorityGrouping
    stm32f1xx_hal_cortex.o(i.HAL_NVIC_SetPriority) refers to stm32f1xx_hal_cortex.o(i.__NVIC_GetPriorityGrouping) for __NVIC_GetPriorityGrouping
    stm32f1xx_hal_cortex.o(i.HAL_NVIC_SetPriority) refers to stm32f1xx_hal_cortex.o(i.__NVIC_SetPriority) for __NVIC_SetPriority
    stm32f1xx_hal_cortex.o(i.HAL_SYSTICK_Config) refers to stm32f1xx_hal_cortex.o(i.__NVIC_SetPriority) for __NVIC_SetPriority
    stm32f1xx_hal_cortex.o(i.HAL_SYSTICK_IRQHandler) refers to stm32f1xx_hal_cortex.o(i.HAL_SYSTICK_Callback) for HAL_SYSTICK_Callback
    stm32f1xx_hal_crc.o(i.HAL_CRC_DeInit) refers to stm32f1xx_hal_crc.o(i.HAL_CRC_MspDeInit) for HAL_CRC_MspDeInit
    stm32f1xx_hal_crc.o(i.HAL_CRC_Init) refers to stm32f1xx_hal_crc.o(i.HAL_CRC_MspInit) for HAL_CRC_MspInit
    stm32f1xx_hal_dac_ex.o(i.DAC_DMAConvCpltCh2) refers to stm32f1xx_hal_dac_ex.o(i.HAL_DACEx_ConvCpltCallbackCh2) for HAL_DACEx_ConvCpltCallbackCh2
    stm32f1xx_hal_dac_ex.o(i.DAC_DMAErrorCh2) refers to stm32f1xx_hal_dac_ex.o(i.HAL_DACEx_ErrorCallbackCh2) for HAL_DACEx_ErrorCallbackCh2
    stm32f1xx_hal_dac_ex.o(i.DAC_DMAHalfConvCpltCh2) refers to stm32f1xx_hal_dac_ex.o(i.HAL_DACEx_ConvHalfCpltCallbackCh2) for HAL_DACEx_ConvHalfCpltCallbackCh2
    stm32f1xx_hal_dma.o(i.HAL_DMA_PollForTransfer) refers to stm32f1xx_hal.o(i.HAL_GetTick) for HAL_GetTick
[...]
    _fp_digits                               0x08002fb9   Thumb Code   334  printfa.o(i._fp_digits)
    i._printf_core                           0x0800311c   Section        0  printfa.o(i._printf_core)
    _printf_core                             0x0800311d   Thumb Code  1744  printfa.o(i._printf_core)
    i._printf_post_padding                   0x080037f8   Section        0  printfa.o(i._printf_post_padding)
    _printf_post_padding                     0x080037f9   Thumb Code    36  printfa.o(i._printf_post_padding)
    i._printf_pre_padding                    0x0800381c   Section        0  printfa.o(i._printf_pre_padding)
    _printf_pre_padding                      0x0800381d   Thumb Code    46  printfa.o(i._printf_pre_padding)
    i.bufchar                                0x0800384c   Section        0  mqttpacket.o(i.bufchar)
    i.close                                  0x08003874   Section        0  socket.o(i.close)
    i.connect                                0x080038a8   Section        0  socket.o(i.connect)
    i.delay_init                             0x080039a0   Section        0  delay.o(i.delay_init)
    i.delay_ms                               0x080039fc   Section        0  delay.o(i.delay_ms)
    i.delay_us                               0x08003a3c   Section        0  delay.o(i.delay_us)
    i.fputc                                  0x08003a84   Section        0  usart.o(i.fputc)
    i.getGAR                                 0x08003aa0   Section        0  w5500.o(i.getGAR)
    i.getIINCHIP_TxMAX                       0x08003ab0   Section        0  w5500.o(i.getIINCHIP_TxMAX)
    i.getSIPR                                0x08003ac0   Section        0  w5500.o(i.getSIPR)
    i.getSUBR                                0x08003ad2   Section        0  w5500.o(i.getSUBR)
    i.getSn_IR                               0x08003ae4   Section        0  w5500.o(i.getSn_IR)
    i.getSn_RX_RSR                           0x08003af6   Section        0  w5500.o(i.getSn_RX_RSR)
    i.getSn_SR                               0x08003b4a   Section        0  w5500.o(i.getSn_SR)
    i.getSn_TX_FSR                           0x08003b5c   Section        0  w5500.o(i.getSn_TX_FSR)
    i.led0_task                              0x08003bb0   Section        0  main.o(i.led0_task)
    i.main                                   0x08003bb8   Section        0  main.o(i.main)
    i.make_con_msg                           0x08003c1c   Section        0  mqtt_fun.o(i.make_con_msg)
    i.make_ping_msg                          0x08003c64   Section        0  mqtt_fun.o(i.make_ping_msg)
    i.make_pub_msg                           0x08003c76   Section        0  mqtt_fun.o(i.make_pub_msg)
    i.make_sub_msg                           0x08003cd6   Section        0  mqtt_fun.o(i.make_sub_msg)
    i.mqtt_decode_msg                        0x08003d22   Section        0  mqtt_fun.o(i.mqtt_decode_msg)
    i.prvAddCurrentTaskToDelayedList         0x08003d3c   Section        0  tasks.o(i.prvAddCurrentTaskToDelayedList)
    prvAddCurrentTaskToDelayedList           0x08003d3d   Thumb Code   124  tasks.o(i.prvAddCurrentTaskToDelayedList)
    i.prvAddNewTaskToReadyList               0x08003dd4   Section        0  tasks.o(i.prvAddNewTaskToReadyList)
    prvAddNewTaskToReadyList                 0x08003dd5   Thumb Code   156  tasks.o(i.prvAddNewTaskToReadyList)
    i.prvCheckForValidListAndQueue           0x08003e8c   Section        0  timers.o(i.prvCheckForValidListAndQueue)
    prvCheckForValidListAndQueue             0x08003e8d   Thumb Code    72  timers.o(i.prvCheckForValidListAndQueue)
    i.prvCheckTasksWaitingTermination        0x08003ef0   Section        0  tasks.o(i.prvCheckTasksWaitingTermination)
    prvCheckTasksWaitingTermination          0x08003ef1   Thumb Code    86  tasks.o(i.prvCheckTasksWaitingTermination)
    i.prvCopyDataFromQueue                   0x08003f54   Section        0  queue.o(i.prvCopyDataFromQueue)
    prvCopyDataFromQueue                     0x08003f55   Thumb Code    42  queue.o(i.prvCopyDataFromQueue)
    i.prvCopyDataToQueue                     0x08003f7e   Section        0  queue.o(i.prvCopyDataToQueue)
    prvCopyDataToQueue                       0x08003f7f   Thumb Code   124  queue.o(i.prvCopyDataToQueue)
    i.prvDeleteTCB                           0x08003ffa   Section        0  tasks.o(i.prvDeleteTCB)
    prvDeleteTCB                             0x08003ffb   Thumb Code    18  tasks.o(i.prvDeleteTCB)
    i.prvGetNextExpireTime                   0x0800400c   Section        0  timers.o(i.prvGetNextExpireTime)
    prvGetNextExpireTime                     0x0800400d   Thumb Code    36  timers.o(i.prvGetNextExpireTime)
    i.prvHeapInit                            0x08004034   Section        0  heap_4.o(i.prvHeapInit)
    prvHeapInit                              0x08004035   Thumb Code    98  heap_4.o(i.prvHeapInit)
    i.prvIdleTask                            0x080040b0   Section        0  tasks.o(i.prvIdleTask)
    prvIdleTask                              0x080040b1   Thumb Code    32  tasks.o(i.prvIdleTask)
    i.prvInitialiseNewQueue                  0x080040d8   Section        0  queue.o(i.prvInitialiseNewQueue)
    prvInitialiseNewQueue                    0x080040d9   Thumb Code    46  queue.o(i.prvInitialiseNewQueue)
    i.prvInitialiseNewTask                   0x08004108   Section        0  tasks.o(i.prvInitialiseNewTask)
    prvInitialiseNewTask                     0x08004109   Thumb Code   170  tasks.o(i.prvInitialiseNewTask)
    i.prvInitialiseTaskLists                 0x080041d8   Section        0  tasks.o(i.prvInitialiseTaskLists)
    prvInitialiseTaskLists                   0x080041d9   Thumb Code    70  tasks.o(i.prvInitialiseTaskLists)
    i.prvInsertBlockIntoFreeList             0x08004240   Section        0  heap_4.o(i.prvInsertBlockIntoFreeList)
    prvInsertBlockIntoFreeList               0x08004241   Thumb Code    96  heap_4.o(i.prvInsertBlockIntoFreeList)
    i.prvInsertTimerInActiveList             0x080042a8   Section        0  timers.o(i.prvInsertTimerInActiveList)
    prvInsertTimerInActiveList               0x080042a9   Thumb Code    80  timers.o(i.prvInsertTimerInActiveList)
    i.prvIsQueueEmpty                        0x08004300   Section        0  queue.o(i.prvIsQueueEmpty)
    prvIsQueueEmpty                          0x08004301   Thumb Code    26  queue.o(i.prvIsQueueEmpty)
    i.prvIsQueueFull                         0x0800431a   Section        0  queue.o(i.prvIsQueueFull)
    prvIsQueueFull                           0x0800431b   Thumb Code    30  queue.o(i.prvIsQueueFull)
    i.prvNotifyQueueSetContainer             0x08004338   Section        0  queue.o(i.prvNotifyQueueSetContainer)
    prvNotifyQueueSetContainer               0x08004339   Thumb Code   124  queue.o(i.prvNotifyQueueSetContainer)
    i.prvProcessExpiredTimer                 0x080043d8   Section        0  timers.o(i.prvProcessExpiredTimer)
    prvProcessExpiredTimer                   0x080043d9   Thumb Code    84  timers.o(i.prvProcessExpiredTimer)
    i.prvProcessReceivedCommands             0x08004458   Section        0  timers.o(i.prvProcessReceivedCommands)
    prvProcessReceivedCommands               0x08004459   Thumb Code   254  timers.o(i.prvProcessReceivedCommands)
    i.prvProcessTimerOrBlockTask             0x08004584   Section        0  timers.o(i.prvProcessTimerOrBlockTask)
    prvProcessTimerOrBlockTask               0x08004585   Thumb Code   102  timers.o(i.prvProcessTimerOrBlockTask)
    i.prvResetNextTaskUnblockTime            0x080045f8   Section        0  tasks.o(i.prvResetNextTaskUnblockTime)
    prvResetNextTaskUnblockTime              0x080045f9   Thumb Code    42  tasks.o(i.prvResetNextTaskUnblockTime)
    i.prvSampleTimeNow                       0x0800462c   Section        0  timers.o(i.prvSampleTimeNow)
    prvSampleTimeNow                         0x0800462d   Thumb Code    40  timers.o(i.prvSampleTimeNow)
    i.prvSwitchTimerLists                    0x08004658   Section        0  timers.o(i.prvSwitchTimerLists)
    prvSwitchTimerLists                      0x08004659   Thumb Code   140  timers.o(i.prvSwitchTimerLists)
    i.prvTaskExitError                       0x08004714   Section        0  port.o(i.prvTaskExitError)
    prvTaskExitError                         0x08004715   Thumb Code    48  port.o(i.prvTaskExitError)
    i.prvTimerTask                           0x08004784   Section        0  timers.o(i.prvTimerTask)
    prvTimerTask                             0x08004785   Thumb Code    26  timers.o(i.prvTimerTask)
    i.prvUnlockQueue                         0x0800479e   Section        0  queue.o(i.prvUnlockQueue)
    prvUnlockQueue                           0x0800479f   Thumb Code   146  queue.o(i.prvUnlockQueue)
    i.pvPortMalloc                           0x08004830   Section        0  heap_4.o(i.pvPortMalloc)
    i.pvTaskIncrementMutexHeldCount          0x08004984   Section        0  tasks.o(i.pvTaskIncrementMutexHeldCount)
    i.pxPortInitialiseStack                  0x080049a4   Section        0  port.o(i.pxPortInitialiseStack)
    i.readChar                               0x080049c8   Section        0  mqttpacket.o(i.readChar)
    i.readInt                                0x080049d6   Section        0  mqttpacket.o(i.readInt)
    i.readMQTTLenString                      0x080049f0   Section        0  mqttpacket.o(i.readMQTTLenString)
    i.recv                                   0x08004a38   Section        0  socket.o(i.recv)
    i.recv_data_processing                   0x08004a7c   Section        0  w5500.o(i.recv_data_processing)
    i.replace_string                         0x08004b10   Section        0  tcp_client.o(i.replace_string)
    i.send                                   0x08004b70   Section        0  socket.o(i.send)
    i.send_data_processing                   0x08004c88   Section        0  w5500.o(i.send_data_processing)
    i.setGAR                                 0x08004d1c   Section        0  w5500.o(i.setGAR)
    i.setRCR                                 0x08004d2c   Section        0  w5500.o(i.setRCR)
    i.setRTR                                 0x08004d3c   Section        0  w5500.o(i.setRTR)
    i.setSHAR                                0x08004d56   Section        0  w5500.o(i.setSHAR)
    i.setSIPR                                0x08004d68   Section        0  w5500.o(i.setSIPR)
    i.setSUBR                                0x08004d7a   Section        0  w5500.o(i.setSUBR)
    i.setSn_IR                               0x08004d8c   Section        0  w5500.o(i.setSn_IR)
    i.set_default                            0x08004da4   Section        0  device.o(i.set_default)
    i.set_network                            0x08004e04   Section        0  device.o(i.set_network)
    i.socket                                 0x08004ee0   Section        0  socket.o(i.socket)
    i.start_task                             0x08004fa4   Section        0  main.o(i.start_task)
    i.sysinit                                0x08004fe8   Section        0  w5500.o(i.sysinit)
    i.uart_init                              0x08005120   Section        0  usart.o(i.uart_init)
    i.uxListRemove                           0x08005158   Section        0  list.o(i.uxListRemove)
    i.vListInitialise                        0x08005180   Section        0  list.o(i.vListInitialise)
    i.vListInitialiseItem                    0x0800519a   Section        0  list.o(i.vListInitialiseItem)
    i.vListInsert                            0x080051a0   Section        0  list.o(i.vListInsert)
    i.vListInsertEnd                         0x080051d4   Section        0  list.o(i.vListInsertEnd)
    i.vPortEnterCritical                     0x080051ec   Section        0  port.o(i.vPortEnterCritical)
    i.vPortExitCritical                      0x08005274   Section        0  port.o(i.vPortExitCritical)
    i.vPortFree                              0x080052e4   Section        0  heap_4.o(i.vPortFree)
    i.vPortSetupTimerInterrupt               0x0800539c   Section        0  port.o(i.vPortSetupTimerInterrupt)
    i.vPortValidateInterruptPriority         0x080053bc   Section        0  port.o(i.vPortValidateInterruptPriority)
    i.vQueueAddToRegistry                    0x0800545c   Section        0  queue.o(i.vQueueAddToRegistry)
    i.vQueueWaitForMessageRestricted         0x08005488   Section        0  queue.o(i.vQueueWaitForMessageRestricted)
    i.vTaskDelay                             0x080054d4   Section        0  tasks.o(i.vTaskDelay)
    i.vTaskDelete                            0x08005548   Section        0  tasks.o(i.vTaskDelete)
    i.vTaskMissedYield                       0x08005654   Section        0  tasks.o(i.vTaskMissedYield)
    i.vTaskPlaceOnEventList                  0x08005660   Section        0  tasks.o(i.vTaskPlaceOnEventList)
    i.vTaskPlaceOnEventListRestricted        0x080056b4   Section        0  tasks.o(i.vTaskPlaceOnEventListRestricted)
    i.vTaskPriorityInherit                   0x08005710   Section        0  tasks.o(i.vTaskPriorityInherit)
    i.vTaskSetTimeOutState                   0x080057c0   Section        0  tasks.o(i.vTaskSetTimeOutState)
    i.vTaskStartScheduler                    0x0800580c   Section        0  tasks.o(i.vTaskStartScheduler)
    i.vTaskSuspendAll                        0x080058b8   Section        0  tasks.o(i.vTaskSuspendAll)
    i.vTaskSwitchContext                     0x080058c8   Section        0  tasks.o(i.vTaskSwitchContext)
    i.wiz_read_buf                           0x08005970   Section        0  w5500.o(i.wiz_read_buf)
    i.wiz_write_buf                          0x080059d8   Section        0  w5500.o(i.wiz_write_buf)
    i.writeCString                           0x08005a40   Section        0  mqttpacket.o(i.writeCString)
    i.writeChar                              0x08005a68   Section        0  mqttpacket.o(i.writeChar)
    i.writeInt                               0x08005a74   Section        0  mqttpacket.o(i.writeInt)
    i.writeMQTTString                        0x08005aa4   Section        0  mqttpacket.o(i.writeMQTTString)
    i.xPortStartScheduler                    0x08005ae4   Section        0  port.o(i.xPortStartScheduler)
    i.xPortSysTickHandler                    0x08005b84   Section        0  port.o(i.xPortSysTickHandler)
    i.xQueueGenericCreate                    0x08005bb8   Section        0  queue.o(i.xQueueGenericCreate)
    i.xQueueGenericReceive                   0x08005c2c   Section        0  queue.o(i.xQueueGenericReceive)
    i.xQueueGenericReset                     0x08005df4   Section        0  queue.o(i.xQueueGenericReset)
    i.xQueueGenericSend                      0x08005ea4   Section        0  queue.o(i.xQueueGenericSend)
    i.xQueueGenericSendFromISR               0x08006068   Section        0  queue.o(i.xQueueGenericSendFromISR)
    i.xTaskCheckForTimeOut                   0x08006178   Section        0  tasks.o(i.xTaskCheckForTimeOut)
    i.xTaskCreate                            0x08006218   Section        0  tasks.o(i.xTaskCreate)
    i.xTaskGetSchedulerState                 0x08006278   Section        0  tasks.o(i.xTaskGetSchedulerState)
    i.xTaskGetTickCount                      0x08006298   Section        0  tasks.o(i.xTaskGetTickCount)
    i.xTaskIncrementTick                     0x080062a4   Section        0  tasks.o(i.xTaskIncrementTick)
    i.xTaskPriorityDisinherit                0x08006404   Section        0  tasks.o(i.xTaskPriorityDisinherit)
    i.xTaskRemoveFromEventList               0x080064dc   Section        0  tasks.o(i.xTaskRemoveFromEventList)
    i.xTaskResumeAll                         0x08006590   Section        0  tasks.o(i.xTaskResumeAll)
    i.xTimerCreateTimerTask                  0x080066b0   Section        0  timers.o(i.xTimerCreateTimerTask)
    i.xTimerGenericCommand                   0x08006724   Section        0  timers.o(i.xTimerGenericCommand)
    .constdata                               0x080067c8   Section       24  system_stm32f1xx.o(.constdata)
    .constdata                               0x080067e0   Section       88  mqtt_fun.o(.constdata)
    .data                                    0x20000000   Section        8  main.o(.data)
    .data                                    0x20000008   Section        4  system_stm32f1xx.o(.data)
    .data                                    0x2000000c   Section        9  stm32f1xx_hal.o(.data)
    .data                                    0x20000016   Section        4  delay.o(.data)
    fac_us                                   0x20000016   Data           1  delay.o(.data)
    fac_ms                                   0x20000018   Data           2  delay.o(.data)
    .data                                    0x2000001a   Section        3  usart.o(.data)
    .data                                    0x2000001d   Section       38  device.o(.data)
    .data                                    0x20000044   Section        2  socket.o(.data)
    local_port                               0x20000044   Data           2  socket.o(.data)
    .data                                    0x20000048   Section       60  tasks.o(.data)
    pxDelayedTaskList                        0x2000004c   Data           4  tasks.o(.data)
    pxOverflowDelayedTaskList                0x20000050   Data           4  tasks.o(.data)
    uxDeletedTasksWaitingCleanUp             0x20000054   Data           4  tasks.o(.data)
    uxCurrentNumberOfTasks                   0x20000058   Data           4  tasks.o(.data)
    xTickCount                               0x2000005c   Data           4  tasks.o(.data)
    uxTopReadyPriority                       0x20000060   Data           4  tasks.o(.data)
    xSchedulerRunning                        0x20000064   Data           4  tasks.o(.data)
    uxPendedTicks                            0x20000068   Data           4  tasks.o(.data)
    xYieldPending                            0x2000006c   Data           4  tasks.o(.data)
    xNumOfOverflows                          0x20000070   Data           4  tasks.o(.data)
    uxTaskNumber                             0x20000074   Data           4  tasks.o(.data)
    xNextTaskUnblockTime                     0x20000078   Data           4  tasks.o(.data)
    xIdleTaskHandle                          0x2000007c   Data           4  tasks.o(.data)
    uxSchedulerSuspended                     0x20000080   Data           4  tasks.o(.data)
    .data                                    0x20000084   Section       20  timers.o(.data)
    pxCurrentTimerList                       0x20000084   Data           4  timers.o(.data)
    pxOverflowTimerList                      0x20000088   Data           4  timers.o(.data)
    xTimerQueue                              0x2000008c   Data           4  timers.o(.data)
    xTimerTaskHandle                         0x20000090   Data           4  timers.o(.data)
    xLastTime                                0x20000094   Data           4  timers.o(.data)
    .data                                    0x20000098   Section       12  port.o(.data)
    uxCriticalNesting                        0x20000098   Data           4  port.o(.data)
    ucMaxSysCallPriority                     0x2000009c   Data           1  port.o(.data)
    ulMaxPRIGROUPValue                       0x200000a0   Data           4  port.o(.data)
    .data                                    0x200000a4   Section       24  heap_4.o(.data)
    xStart                                   0x200000a4   Data           8  heap_4.o(.data)
    pxEnd                                    0x200000ac   Data           4  heap_4.o(.data)
    xFreeBytesRemaining                      0x200000b0   Data           4  heap_4.o(.data)
    xMinimumEverFreeBytesRemaining           0x200000b4   Data           4  heap_4.o(.data)
    xBlockAllocatedBit                       0x200000b8   Data           4  heap_4.o(.data)
    .data                                    0x200000bc   Section        4  mqttpacket.o(.data)
    bufptr                                   0x200000bc   Data           4  mqttpacket.o(.data)
    .data                                    0x200000c0   Section      136  tcp_client.o(.data)
    .data                                    0x20000148   Section        4  stdout.o(.data)
    .bss                                     0x2000014c   Section      264  usart.o(.bss)
    .bss                                     0x20000254   Section     1552  device.o(.bss)
    .bss                                     0x20000864   Section       88  spi.o(.bss)
    .bss                                     0x200008bc   Section       32  w5500.o(.bss)
    SSIZE                                    0x200008bc   Data          16  w5500.o(.bss)
    RSIZE                                    0x200008cc   Data          16  w5500.o(.bss)
    .bss                                     0x200008dc   Section       64  queue.o(.bss)
    .bss                                     0x2000091c   Section      740  tasks.o(.bss)
    pxReadyTasksLists                        0x2000091c   Data         640  tasks.o(.bss)
    xDelayedTaskList1                        0x20000b9c   Data          20  tasks.o(.bss)
    xDelayedTaskList2                        0x20000bb0   Data          20  tasks.o(.bss)
    xPendingReadyList                        0x20000bc4   Data          20  tasks.o(.bss)
    xTasksWaitingTermination                 0x20000bd8   Data          20  tasks.o(.bss)
    xSuspendedTaskList                       0x20000bec   Data          20  tasks.o(.bss)
    .bss                                     0x20000c00   Section       40  timers.o(.bss)
    xActiveTimerList1                        0x20000c00   Data          20  timers.o(.bss)
    xActiveTimerList2                        0x20000c14   Data          20  timers.o(.bss)
    .bss                                     0x20000c28   Section    20480  heap_4.o(.bss)
    ucHeap                                   0x20000c28   Data       20480  heap_4.o(.bss)
    .bss                                     0x20005c28   Section     2400  tcp_client.o(.bss)
    STACK                                    0x20006588   Section     1024  startup_stm32f103xe.o(STACK)

    Global Symbols

    Symbol Name                              Value     Ov Type        Size  Object(Section)

    BuildAttributes$$THM_ISAv4$P$D$K$B$S$PE$A:L22UL41UL21$X:L11$S22US41US21$IEEE1$IW$USESV6$~STKCKD$USESV7$~SHL$OTIME$ROPI$IEEEJ$EBA8$MICROLIB$REQ8$PRES8$EABIv2 0x00000000   Number         0  anon$$obj.o ABSOLUTE
    __ARM_use_no_argv                        0x00000000   Number         0  main.o ABSOLUTE
    __use_no_errno                           0x00000000   Number         0  useno.o ABSOLUTE
    __use_no_exception_handling              0x00000000   Number         0  useno.o ABSOLUTE
    __use_no_fp                              0x00000000   Number         0  useno.o ABSOLUTE
    __use_no_heap                            0x00000000   Number         0  useno.o ABSOLUTE
    __use_no_heap_region                     0x00000000   Number         0  useno.o ABSOLUTE
    __use_no_semihosting                     0x00000000   Number         0  useno.o ABSOLUTE
    __use_no_semihosting_swi                 0x00000000   Number         0  useno.o ABSOLUTE
    __use_no_signal_handling                 0x00000000   Number         0  useno.o ABSOLUTE
    _printf_a                                0x00000000   Number         0  stubs.o ABSOLUTE
    _printf_c                                0x00000000   Number         0  stubs.o ABSOLUTE
    _printf_charcount                        0x00000000   Number         0  stubs.o ABSOLUTE
    _printf_d                                0x00000000   Number         0  stubs.o ABSOLUTE
    _printf_e                                0x00000000   Number         0  stubs.o ABSOLUTE
    _printf_f                                0x00000000   Number         0  stubs.o ABSOLUTE
    _printf_flags                            0x00000000   Number         0  stubs.o ABSOLUTE
    _printf_fp_dec                           0x00000000   Number         0  stubs.o ABSOLUTE
    _printf_fp_hex                           0x00000000   Number         0  stubs.o ABSOLUTE
    _printf_g                                0x00000000   Number         0  stubs.o ABSOLUTE
    _printf_i                                0x00000000   Number         0  stubs.o ABSOLUTE
    _printf_int_dec                          0x00000000   Number         0  stubs.o ABSOLUTE
    _printf_l                                0x00000000   Number         0  stubs.o ABSOLUTE
    _printf_lc                               0x00000000   Number         0  stubs.o ABSOLUTE
    _printf_ll                               0x00000000   Number         0  stubs.o ABSOLUTE
    _printf_lld                              0x00000000   Number         0  stubs.o ABSOLUTE
    _printf_lli                              0x00000000   Number         0  stubs.o ABSOLUTE
    _printf_llo                              0x00000000   Number         0  stubs.o ABSOLUTE
    _printf_llu                              0x00000000   Number         0  stubs.o ABSOLUTE
    _printf_llx                              0x00000000   Number         0  stubs.o ABSOLUTE
    _printf_longlong_dec                     0x00000000   Number         0  stubs.o ABSOLUTE
    _printf_longlong_hex                     0x00000000   Number         0  stubs.o ABSOLUTE
    _printf_longlong_oct                     0x00000000   Number         0  stubs.o ABSOLUTE
    _printf_ls                               0x00000000   Number         0  stubs.o ABSOLUTE
    _printf_mbtowc                           0x00000000   Number         0  stubs.o ABSOLUTE
    _printf_n                                0x00000000   Number         0  stubs.o ABSOLUTE
    _printf_o                                0x00000000   Number         0  stubs.o ABSOLUTE
    _printf_p                                0x00000000   Number         0  stubs.o ABSOLUTE
    _printf_percent                          0x00000000   Number         0  stubs.o ABSOLUTE
    _printf_pre_padding                      0x00000000   Number         0  stubs.o ABSOLUTE
    _printf_return_value                     0x00000000   Number         0  stubs.o ABSOLUTE
    _printf_s                                0x00000000   Number         0  stubs.o ABSOLUTE
    _printf_sizespec                         0x00000000   Number         0  stubs.o ABSOLUTE
    _printf_str                              0x00000000   Number         0  stubs.o ABSOLUTE
    _printf_truncate_signed                  0x00000000   Number         0  stubs.o ABSOLUTE
    _printf_truncate_unsigned                0x00000000   Number         0  stubs.o ABSOLUTE
    _printf_u                                0x00000000   Number         0  stubs.o ABSOLUTE
    _printf_wc                               0x00000000   Number         0  stubs.o ABSOLUTE
    _printf_wctomb                           0x00000000   Number         0  stubs.o ABSOLUTE
    _printf_widthprec                        0x00000000   Number         0  stubs.o ABSOLUTE
    _printf_x                                0x00000000   Number         0  stubs.o ABSOLUTE
    __cpp_initialize__aeabi_                  - Undefined Weak Reference
    __cxa_finalize                            - Undefined Weak Reference
    _clock_init                               - Undefined Weak Reference
    _microlib_exit                            - Undefined Weak Reference
    _scanf_int                                - Undefined Weak Reference
    _scanf_longlong                           - Undefined Weak Reference
    _scanf_string                             - Undefined Weak Reference
    __Vectors_Size                           0x00000130   Number         0  startup_stm32f103xe.o ABSOLUTE
    __Vectors                                0x08000000   Data           4  startup_stm32f103xe.o(RESET)
    __Vectors_End                            0x08000130   Data           0  startup_stm32f103xe.o(RESET)
    __main                                   0x08000131   Thumb Code     0  entry.o(.ARM.Collect$$$$00000000)
    _main_stk                                0x08000131   Thumb Code     0  entry2.o(.ARM.Collect$$$$00000001)
    _main_scatterload                        0x08000135   Thumb Code     0  entry5.o(.ARM.Collect$$$$00000004)
    __main_after_scatterload                 0x08000139   Thumb Code     0  entry5.o(.ARM.Collect$$$$00000004)
    _main_clock                              0x08000139   Thumb Code     0  entry7b.o(.ARM.Collect$$$$00000008)
    _main_cpp_init                           0x08000139   Thumb Code     0  entry8b.o(.ARM.Collect$$$$0000000A)
    _main_init                               0x08000139   Thumb Code     0  entry9a.o(.ARM.Collect$$$$0000000B)
    __rt_final_cpp                           0x08000141   Thumb Code     0  entry10a.o(.ARM.Collect$$$$0000000D)
    __rt_final_exit                          0x08000141   Thumb Code     0  entry11a.o(.ARM.Collect$$$$0000000F)
    SVC_Handler                              0x08000145   Thumb Code    32  port.o(.emb_text)
    __asm___6_port_c_39a90d8d__prvStartFirstTask 0x08000169   Thumb Code    28  port.o(.emb_text)
    PendSV_Handler                           0x08000189   Thumb Code    72  port.o(.emb_text)
    vPortGetIPSR                             0x080001d5   Thumb Code     6  port.o(.emb_text)
    Reset_Handler                            0x080001dd   Thumb Code     8  startup_stm32f103xe.o(.text)
    ADC1_2_IRQHandler                        0x080001f7   Thumb Code     0  startup_stm32f103xe.o(.text)
    ADC3_IRQHandler                          0x080001f7   Thumb Code     0  startup_stm32f103xe.o(.text)
    CAN1_RX1_IRQHandler                      0x080001f7   Thumb Code     0  startup_stm32f103xe.o(.text)
    CAN1_SCE_IRQHandler                      0x080001f7   Thumb Code     0  startup_stm32f103xe.o(.text)
    DMA1_Channel1_IRQHandler                 0x080001f7   Thumb Code     0  startup_stm32f103xe.o(.text)
    DMA1_Channel2_IRQHandler                 0x080001f7   Thumb Code     0  startup_stm32f103xe.o(.text)
    DMA1_Channel3_IRQHandler                 0x080001f7   Thumb Code     0  startup_stm32f103xe.o(.text)
    DMA1_Channel4_IRQHandler                 0x080001f7   Thumb Code     0  startup_stm32f103xe.o(.text)
    DMA1_Channel5_IRQHandler                 0x080001f7   Thumb Code     0  startup_stm32f103xe.o(.text)
    DMA1_Channel6_IRQHandler                 0x080001f7   Thumb Code     0  startup_stm32f103xe.o(.text)
    DMA1_Channel7_IRQHandler                 0x080001f7   Thumb Code     0  startup_stm32f103xe.o(.text)
    DMA2_Channel1_IRQHandler                 0x080001f7   Thumb Code     0  startup_stm32f103xe.o(.text)
    DMA2_Channel2_IRQHandler                 0x080001f7   Thumb Code     0  startup_stm32f103xe.o(.text)
    DMA2_Channel3_IRQHandler                 0x080001f7   Thumb Code     0  startup_stm32f103xe.o(.text)
    DMA2_Channel4_5_IRQHandler               0x080001f7   Thumb Code     0  startup_stm32f103xe.o(.text)
    EXTI0_IRQHandler                         0x080001f7   Thumb Code     0  startup_stm32f103xe.o(.text)
    EXTI15_10_IRQHandler                     0x080001f7   Thumb Code     0  startup_stm32f103xe.o(.text)
    EXTI1_IRQHandler                         0x080001f7   Thumb Code     0  startup_stm32f103xe.o(.text)
    EXTI2_IRQHandler                         0x080001f7   Thumb Code     0  startup_stm32f103xe.o(.text)
    EXTI3_IRQHandler                         0x080001f7   Thumb Code     0  startup_stm32f103xe.o(.text)
    EXTI4_IRQHandler                         0x080001f7   Thumb Code     0  startup_stm32f103xe.o(.text)
    EXTI9_5_IRQHandler                       0x080001f7   Thumb Code     0  startup_stm32f103xe.o(.text)
    FLASH_IRQHandler                         0x080001f7   Thumb Code     0  startup_stm32f103xe.o(.text)
    FSMC_IRQHandler                          0x080001f7   Thumb Code     0  startup_stm32f103xe.o(.text)
    I2C1_ER_IRQHandler                       0x080001f7   Thumb Code     0  startup_stm32f103xe.o(.text)
    I2C1_EV_IRQHandler                       0x080001f7   Thumb Code     0  startup_stm32f103xe.o(.text)
    I2C2_ER_IRQHandler                       0x080001f7   Thumb Code     0  startup_stm32f103xe.o(.text)
    I2C2_EV_IRQHandler                       0x080001f7   Thumb Code     0  startup_stm32f103xe.o(.text)
    PVD_IRQHandler                           0x080001f7   Thumb Code     0  startup_stm32f103xe.o(.text)
    RCC_IRQHandler                           0x080001f7   Thumb Code     0  startup_stm32f103xe.o(.text)
    RTC_Alarm_IRQHandler                     0x080001f7   Thumb Code     0  startup_stm32f103xe.o(.text)
    RTC_IRQHandler                           0x080001f7   Thumb Code     0  startup_stm32f103xe.o(.text)
    SDIO_IRQHandler                          0x080001f7   Thumb Code     0  startup_stm32f103xe.o(.text)
    SPI1_IRQHandler                          0x080001f7   Thumb Code     0  startup_stm32f103xe.o(.text)
    SPI2_IRQHandler                          0x080001f7   Thumb Code     0  startup_stm32f103xe.o(.text)
    SPI3_IRQHandler                          0x080001f7   Thumb Code     0  startup_stm32f103xe.o(.text)
    TAMPER_IRQHandler                        0x080001f7   Thumb Code     0  startup_stm32f103xe.o(.text)
    TIM1_BRK_IRQHandler                      0x080001f7   Thumb Code     0  startup_stm32f103xe.o(.text)
    TIM1_CC_IRQHandler                       0x080001f7   Thumb Code     0  startup_stm32f103xe.o(.text)
    TIM1_TRG_COM_IRQHandler                  0x080001f7   Thumb Code     0  startup_stm32f103xe.o(.text)
    TIM1_UP_IRQHandler                       0x080001f7   Thumb Code     0  startup_stm32f103xe.o(.text)
    TIM2_IRQHandler                          0x080001f7   Thumb Code     0  startup_stm32f103xe.o(.text)
    TIM3_IRQHandler                          0x080001f7   Thumb Code     0  startup_stm32f103xe.o(.text)
    TIM4_IRQHandler                          0x080001f7   Thumb Code     0  startup_stm32f103xe.o(.text)
    TIM5_IRQHandler                          0x080001f7   Thumb Code     0  startup_stm32f103xe.o(.text)
    TIM6_IRQHandler                          0x080001f7   Thumb Code     0  startup_stm32f103xe.o(.text)
    TIM7_IRQHandler                          0x080001f7   Thumb Code     0  startup_stm32f103xe.o(.text)
    TIM8_BRK_IRQHandler                      0x080001f7   Thumb Code     0  startup_stm32f103xe.o(.text)
    TIM8_CC_IRQHandler                       0x080001f7   Thumb Code     0  startup_stm32f103xe.o(.text)
    TIM8_TRG_COM_IRQHandler                  0x080001f7   Thumb Code     0  startup_stm32f103xe.o(.text)
    TIM8_UP_IRQHandler                       0x080001f7   Thumb Code     0  startup_stm32f103xe.o(.text)
    UART4_IRQHandler                         0x080001f7   Thumb Code     0  startup_stm32f103xe.o(.text)
    UART5_IRQHandler                         0x080001f7   Thumb Code     0  startup_stm32f103xe.o(.text)
    USART2_IRQHandler                        0x080001f7   Thumb Code     0  startup_stm32f103xe.o(.text)
    USART3_IRQHandler                        0x080001f7   Thumb Code     0  startup_stm32f103xe.o(.text)
    USBWakeUp_IRQHandler                     0x080001f7   Thumb Code     0  startup_stm32f103xe.o(.text)
    USB_HP_CAN1_TX_IRQHandler                0x080001f7   Thumb Code     0  startup_stm32f103xe.o(.text)
    USB_LP_CAN1_RX0_IRQHandler               0x080001f7   Thumb Code     0  startup_stm32f103xe.o(.text)
    WWDG_IRQHandler                          0x080001f7   Thumb Code     0  startup_stm32f103xe.o(.text)
    __aeabi_llsr                             0x08000201   Thumb Code    32  llushr.o(.text)
    _ll_ushift_r                             0x08000201   Thumb Code     0  llushr.o(.text)
    __aeabi_memcpy                           0x08000221   Thumb Code    36  memcpya.o(.text)
    __aeabi_memcpy4                          0x08000221   Thumb Code     0  memcpya.o(.text)
    __aeabi_memcpy8                          0x08000221   Thumb Code     0  memcpya.o(.text)
    __aeabi_memset                           0x08000245   Thumb Code    14  memseta.o(.text)
    __aeabi_memset4                          0x08000245   Thumb Code     0  memseta.o(.text)
    __aeabi_memset8                          0x08000245   Thumb Code     0  memseta.o(.text)
    __aeabi_memclr                           0x08000253   Thumb Code     4  memseta.o(.text)
    __aeabi_memclr4                          0x08000253   Thumb Code     0  memseta.o(.text)
    __aeabi_memclr8                          0x08000253   Thumb Code     0  memseta.o(.text)
    _memset$wrapper                          0x08000257   Thumb Code    18  memseta.o(.text)
    strcat                                   0x08000269   Thumb Code    24  strcat.o(.text)
    strstr                                   0x08000281   Thumb Code    36  strstr.o(.text)
    strncpy                                  0x080002a5   Thumb Code    24  strncpy.o(.text)
    strlen                                   0x080002bd   Thumb Code    14  strlen.o(.text)
    strcpy                                   0x080002cb   Thumb Code    18  strcpy.o(.text)
    __aeabi_dmul                             0x080002dd   Thumb Code   228  dmul.o(.text)
    __aeabi_cdrcmple                         0x080003c1   Thumb Code    48  cdrcmple.o(.text)
    __aeabi_uidiv                            0x080003f1   Thumb Code     0  uidiv.o(.text)
    __aeabi_uidivmod                         0x080003f1   Thumb Code    44  uidiv.o(.text)
    __aeabi_uldivmod                         0x0800041d   Thumb Code    98  uldiv.o(.text)
    __I$use$fp                               0x0800047f   Thumb Code     0  iusefp.o(.text)
    _double_round                            0x0800047f   Thumb Code    30  depilogue.o(.text)
    _double_epilogue                         0x0800049d   Thumb Code   156  depilogue.o(.text)
    __aeabi_dadd                             0x08000539   Thumb Code   322  dadd.o(.text)
    __aeabi_dsub                             0x0800067b   Thumb Code     6  dadd.o(.text)
    __aeabi_drsub                            0x08000681   Thumb Code     6  dadd.o(.text)
    __aeabi_ddiv                             0x08000687   Thumb Code   222  ddiv.o(.text)
    __aeabi_d2ulz                            0x08000765   Thumb Code    48  dfixul.o(.text)
    __scatterload                            0x08000795   Thumb Code    28  init.o(.text)
    __scatterload_rt2                        0x08000795   Thumb Code     0  init.o(.text)
    __aeabi_llsl                             0x080007b9   Thumb Code    30  llshl.o(.text)
    _ll_shift_l                              0x080007b9   Thumb Code     0  llshl.o(.text)
    __aeabi_lasr                             0x080007d7   Thumb Code    36  llsshr.o(.text)
    _ll_sshift_r                             0x080007d7   Thumb Code     0  llsshr.o(.text)
    __decompress                             0x080007fb   Thumb Code     0  __dczerorl2.o(.text)
    __decompress1                            0x080007fb   Thumb Code    86  __dczerorl2.o(.text)
    BusFault_Handler                         0x08000851   Thumb Code     4  stm32f1xx_it.o(i.BusFault_Handler)
    DebugMon_Handler                         0x08000855   Thumb Code     2  stm32f1xx_it.o(i.DebugMon_Handler)
    GPIO_Configuration                       0x08000859   Thumb Code    60  device.o(i.GPIO_Configuration)
    HAL_DMA_Abort_IT                         0x0800089d   Thumb Code   414  stm32f1xx_hal_dma.o(i.HAL_DMA_Abort_IT)
    HAL_GPIO_Init                            0x08000a45   Thumb Code   792  stm32f1xx_hal_gpio.o(i.HAL_GPIO_Init)
    HAL_GPIO_WritePin                        0x08000d85   Thumb Code    12  stm32f1xx_hal_gpio.o(i.HAL_GPIO_WritePin)
    HAL_GetTick                              0x08000d91   Thumb Code     6  stm32f1xx_hal.o(i.HAL_GetTick)
    HAL_Init                                 0x08000d9d   Thumb Code    34  stm32f1xx_hal.o(i.HAL_Init)
    HAL_InitTick                             0x08000dc5   Thumb Code    64  stm32f1xx_hal.o(i.HAL_InitTick)
    HAL_MspInit                              0x08000e11   Thumb Code     2  stm32f1xx_hal_msp.o(i.HAL_MspInit)
    HAL_NVIC_EnableIRQ                       0x08000e13   Thumb Code    32  stm32f1xx_hal_cortex.o(i.HAL_NVIC_EnableIRQ)
    HAL_NVIC_SetPriority                     0x08000e33   Thumb Code   124  stm32f1xx_hal_cortex.o(i.HAL_NVIC_SetPriority)
    HAL_NVIC_SetPriorityGrouping             0x08000eb1   Thumb Code    32  stm32f1xx_hal_cortex.o(i.HAL_NVIC_SetPriorityGrouping)
    HAL_RCC_ClockConfig                      0x08000ed9   Thumb Code   376  stm32f1xx_hal_rcc.o(i.HAL_RCC_ClockConfig)
    HAL_RCC_GetHCLKFreq                      0x08001065   Thumb Code     6  stm32f1xx_hal_rcc.o(i.HAL_RCC_GetHCLKFreq)
    HAL_RCC_GetPCLK1Freq                     0x08001071   Thumb Code    22  stm32f1xx_hal_rcc.o(i.HAL_RCC_GetPCLK1Freq)
    HAL_RCC_GetPCLK2Freq                     0x08001091   Thumb Code    22  stm32f1xx_hal_rcc.o(i.HAL_RCC_GetPCLK2Freq)
    HAL_RCC_GetSysClockFreq                  0x080010b1   Thumb Code   116  stm32f1xx_hal_rcc.o(i.HAL_RCC_GetSysClockFreq)
    HAL_RCC_OscConfig                        0x08001145   Thumb Code  1114  stm32f1xx_hal_rcc.o(i.HAL_RCC_OscConfig)
    HAL_SPI_Init                             0x080015a9   Thumb Code   156  stm32f1xx_hal_spi.o(i.HAL_SPI_Init)
    HAL_SPI_MspInit                          0x08001645   Thumb Code    90  spi.o(i.HAL_SPI_MspInit)
    HAL_SPI_TransmitReceive                  0x080016a9   Thumb Code   750  stm32f1xx_hal_spi.o(i.HAL_SPI_TransmitReceive)
    HAL_SYSTICK_CLKSourceConfig              0x08001997   Thumb Code    40  stm32f1xx_hal_cortex.o(i.HAL_SYSTICK_CLKSourceConfig)
    HAL_SYSTICK_Config                       0x080019bf   Thumb Code    52  stm32f1xx_hal_cortex.o(i.HAL_SYSTICK_Config)
    HAL_UART_ErrorCallback                   0x080019f3   Thumb Code     2  stm32f1xx_hal_uart.o(i.HAL_UART_ErrorCallback)
    HAL_UART_GetState                        0x080019f5   Thumb Code    20  stm32f1xx_hal_uart.o(i.HAL_UART_GetState)
    HAL_UART_IRQHandler                      0x08001a09   Thumb Code   326  stm32f1xx_hal_uart.o(i.HAL_UART_IRQHandler)
    HAL_UART_Init                            0x08001b55   Thumb Code   114  stm32f1xx_hal_uart.o(i.HAL_UART_Init)
    HAL_UART_MspInit                         0x08001bc9   Thumb Code   156  usart.o(i.HAL_UART_MspInit)
    HAL_UART_Receive_IT                      0x08001c71   Thumb Code   112  stm32f1xx_hal_uart.o(i.HAL_UART_Receive_IT)
    HAL_UART_RxCpltCallback                  0x08001ce1   Thumb Code   120  usart.o(i.HAL_UART_RxCpltCallback)
    HAL_UART_TxCpltCallback                  0x08001d69   Thumb Code     2  stm32f1xx_hal_uart.o(i.HAL_UART_TxCpltCallback)
    HardFault_Handler                        0x08001d6b   Thumb Code     4  stm32f1xx_it.o(i.HardFault_Handler)
    IINCHIP_CSoff                            0x08001d6f   Thumb Code    10  w5500.o(i.IINCHIP_CSoff)
    IINCHIP_CSon                             0x08001d79   Thumb Code    10  w5500.o(i.IINCHIP_CSon)
    IINCHIP_READ                             0x08001d83   Thumb Code    50  w5500.o(i.IINCHIP_READ)
    IINCHIP_SpiSendData                      0x08001db5   Thumb Code    12  w5500.o(i.IINCHIP_SpiSendData)
    IINCHIP_WRITE                            0x08001dc1   Thumb Code    50  w5500.o(i.IINCHIP_WRITE)
    LED_Init                                 0x08001df5   Thumb Code   116  led.o(i.LED_Init)
    MQTTDeserialize_publish                  0x08001e75   Thumb Code   208  mqttdeserializepublish.o(i.MQTTDeserialize_publish)
    MQTTPacket_decode                        0x08001f9d   Thumb Code    88  mqttpacket.o(i.MQTTPacket_decode)
    MQTTPacket_decodeBuf                     0x08001ff5   Thumb Code    20  mqttpacket.o(i.MQTTPacket_decodeBuf)
    MQTTPacket_encode                        0x08002011   Thumb Code    54  mqttpacket.o(i.MQTTPacket_encode)
    MQTTPacket_len                           0x08002049   Thumb Code    34  mqttpacket.o(i.MQTTPacket_len)
    MQTTSerialize_connect                    0x08002071   Thumb Code   342  mqttconnectclient.o(i.MQTTSerialize_connect)
    MQTTSerialize_connectLength              0x080021d9   Thumb Code   118  mqttconnectclient.o(i.MQTTSerialize_connectLength)
    MQTTSerialize_publish                    0x0800224f   Thumb Code   176  mqttserializepublish.o(i.MQTTSerialize_publish)
    MQTTSerialize_publishLength              0x080022ff   Thumb Code    34  mqttserializepublish.o(i.MQTTSerialize_publishLength)
    MQTTSerialize_subscribe                  0x08002321   Thumb Code   176  mqttsubscribeclient.o(i.MQTTSerialize_subscribe)
    MQTTSerialize_subscribeLength            0x080023d1   Thumb Code    46  mqttsubscribeclient.o(i.MQTTSerialize_subscribeLength)
    MQTTSerialize_zero                       0x080023ff   Thumb Code    76  mqttconnectclient.o(i.MQTTSerialize_zero)
    MQTT_CON_ALI                             0x0800244d   Thumb Code   940  tcp_client.o(i.MQTT_CON_ALI)
    MQTTstrlen                               0x08002959   Thumb Code    24  mqttpacket.o(i.MQTTstrlen)
    MemManage_Handler                        0x08002971   Thumb Code     4  stm32f1xx_it.o(i.MemManage_Handler)
    NMI_Handler                              0x08002975   Thumb Code     2  stm32f1xx_it.o(i.NMI_Handler)
    Reset_W5500                              0x080029a1   Thumb Code    38  device.o(i.Reset_W5500)
    SPI2_SendByte                            0x080029cd   Thumb Code    28  spi.o(i.SPI2_SendByte)
    SPI_ISCRCErrorValid                      0x08002a15   Thumb Code     6  stm32f1xx_hal_spi.o(i.SPI_ISCRCErrorValid)
    Stm32_Clock_Init                         0x08002ac3   Thumb Code    86  sys.o(i.Stm32_Clock_Init)
    SysTick_Handler                          0x08002b19   Thumb Code    16  delay.o(i.SysTick_Handler)
    SystemInit                               0x08002b29   Thumb Code    70  system_stm32f1xx.o(i.SystemInit)
    USART1_IRQHandler                        0x08002e85   Thumb Code    56  usart.o(i.USART1_IRQHandler)
    UsageFault_Handler                       0x08002ec5   Thumb Code     4  stm32f1xx_it.o(i.UsageFault_Handler)
    WIZ_CS                                   0x08002ec9   Thumb Code    34  spi.o(i.WIZ_CS)
    WIZ_SPI_Init                             0x08002ef1   Thumb Code    72  spi.o(i.WIZ_SPI_Init)
    __0printf                                0x08002f41   Thumb Code    22  printfa.o(i.__0printf)
    __1printf                                0x08002f41   Thumb Code     0  printfa.o(i.__0printf)
    __2printf                                0x08002f41   Thumb Code     0  printfa.o(i.__0printf)
    __c89printf                              0x08002f41   Thumb Code     0  printfa.o(i.__0printf)
    printf                                   0x08002f41   Thumb Code     0  printfa.o(i.__0printf)
    __scatterload_copy                       0x08002f99   Thumb Code    14  handlers.o(i.__scatterload_copy)
    __scatterload_null                       0x08002fa7   Thumb Code     2  handlers.o(i.__scatterload_null)
    __scatterload_zeroinit                   0x08002fa9   Thumb Code    14  handlers.o(i.__scatterload_zeroinit)
    bufchar                                  0x0800384d   Thumb Code    36  mqttpacket.o(i.bufchar)
    close                                    0x08003875   Thumb Code    52  socket.o(i.close)
    connect                                  0x080038a9   Thumb Code   248  socket.o(i.connect)
    delay_init                               0x080039a1   Thumb Code    74  delay.o(i.delay_init)
    delay_ms                                 0x080039fd   Thumb Code    60  delay.o(i.delay_ms)
    delay_us                                 0x08003a3d   Thumb Code    68  delay.o(i.delay_us)
    fputc                                    0x08003a85   Thumb Code    24  usart.o(i.fputc)
    getGAR                                   0x08003aa1   Thumb Code    16  w5500.o(i.getGAR)
    getIINCHIP_TxMAX                         0x08003ab1   Thumb Code    10  w5500.o(i.getIINCHIP_TxMAX)
    getSIPR                                  0x08003ac1   Thumb Code    18  w5500.o(i.getSIPR)
    getSUBR                                  0x08003ad3   Thumb Code    18  w5500.o(i.getSUBR)
    getSn_IR                                 0x08003ae5   Thumb Code    18  w5500.o(i.getSn_IR)
    getSn_RX_RSR                             0x08003af7   Thumb Code    84  w5500.o(i.getSn_RX_RSR)
    getSn_SR                                 0x08003b4b   Thumb Code    18  w5500.o(i.getSn_SR)
    getSn_TX_FSR                             0x08003b5d   Thumb Code    84  w5500.o(i.getSn_TX_FSR)
    led0_task                                0x08003bb1   Thumb Code     8  main.o(i.led0_task)
    main                                     0x08003bb9   Thumb Code    78  main.o(i.main)
    make_con_msg                             0x08003c1d   Thumb Code    68  mqtt_fun.o(i.make_con_msg)
    make_ping_msg                            0x08003c65   Thumb Code    18  mqtt_fun.o(i.make_ping_msg)
    make_pub_msg                             0x08003c77   Thumb Code    96  mqtt_fun.o(i.make_pub_msg)
    make_sub_msg                             0x08003cd7   Thumb Code    76  mqtt_fun.o(i.make_sub_msg)
    mqtt_decode_msg                          0x08003d23   Thumb Code    26  mqtt_fun.o(i.mqtt_decode_msg)
    pvPortMalloc                             0x08004831   Thumb Code   262  heap_4.o(i.pvPortMalloc)
    pvTaskIncrementMutexHeldCount            0x08004985   Thumb Code    26  tasks.o(i.pvTaskIncrementMutexHeldCount)
    pxPortInitialiseStack                    0x080049a5   Thumb Code    30  port.o(i.pxPortInitialiseStack)
    readChar                                 0x080049c9   Thumb Code    14  mqttpacket.o(i.readChar)
    readInt                                  0x080049d7   Thumb Code    26  mqttpacket.o(i.readInt)
    readMQTTLenString                        0x080049f1   Thumb Code    68  mqttpacket.o(i.readMQTTLenString)
    recv                                     0x08004a39   Thumb Code    66  socket.o(i.recv)
    recv_data_processing                     0x08004a7d   Thumb Code   116  w5500.o(i.recv_data_processing)
    replace_string                           0x08004b11   Thumb Code    94  tcp_client.o(i.replace_string)
    send                                     0x08004b71   Thumb Code   232  socket.o(i.send)
    send_data_processing                     0x08004c89   Thumb Code   116  w5500.o(i.send_data_processing)
    setGAR                                   0x08004d1d   Thumb Code    16  w5500.o(i.setGAR)
    setRCR                                   0x08004d2d   Thumb Code    16  w5500.o(i.setRCR)
    setRTR                                   0x08004d3d   Thumb Code    26  w5500.o(i.setRTR)
    setSHAR                                  0x08004d57   Thumb Code    18  w5500.o(i.setSHAR)
    setSIPR                                  0x08004d69   Thumb Code    18  w5500.o(i.setSIPR)
    setSUBR                                  0x08004d7b   Thumb Code    18  w5500.o(i.setSUBR)
    setSn_IR                                 0x08004d8d   Thumb Code    22  w5500.o(i.setSn_IR)
    set_default                              0x08004da5   Thumb Code    70  device.o(i.set_default)
    set_network                              0x08004e05   Thumb Code   134  device.o(i.set_network)
    socket                                   0x08004ee1   Thumb Code   192  socket.o(i.socket)
    start_task                               0x08004fa5   Thumb Code    44  main.o(i.start_task)
    sysinit                                  0x08004fe9   Thumb Code   302  w5500.o(i.sysinit)
    uart_init                                0x08005121   Thumb Code    44  usart.o(i.uart_init)
    uxListRemove                             0x08005159   Thumb Code    40  list.o(i.uxListRemove)
    vListInitialise                          0x08005181   Thumb Code    26  list.o(i.vListInitialise)
    vListInitialiseItem                      0x0800519b   Thumb Code     6  list.o(i.vListInitialiseItem)
    vListInsert                              0x080051a1   Thumb Code    52  list.o(i.vListInsert)
    vListInsertEnd                           0x080051d5   Thumb Code    24  list.o(i.vListInsertEnd)
    vPortEnterCritical                       0x080051ed   Thumb Code    68  port.o(i.vPortEnterCritical)
    vPortExitCritical                        0x08005275   Thumb Code    48  port.o(i.vPortExitCritical)
    vPortFree                                0x080052e5   Thumb Code   120  heap_4.o(i.vPortFree)
    vPortSetupTimerInterrupt                 0x0800539d   Thumb Code    26  port.o(i.vPortSetupTimerInterrupt)
    vPortValidateInterruptPriority           0x080053bd   Thumb Code    86  port.o(i.vPortValidateInterruptPriority)
    vQueueAddToRegistry                      0x0800545d   Thumb Code    38  queue.o(i.vQueueAddToRegistry)
    vQueueWaitForMessageRestricted           0x08005489   Thumb Code    74  queue.o(i.vQueueWaitForMessageRestricted)
    vTaskDelay                               0x080054d5   Thumb Code    72  tasks.o(i.vTaskDelay)
    vTaskDelete                              0x08005549   Thumb Code   192  tasks.o(i.vTaskDelete)
    vTaskMissedYield                         0x08005655   Thumb Code     8  tasks.o(i.vTaskMissedYield)
    vTaskPlaceOnEventList                    0x08005661   Thumb Code    42  tasks.o(i.vTaskPlaceOnEventList)
    vTaskPlaceOnEventListRestricted          0x080056b5   Thumb Code    50  tasks.o(i.vTaskPlaceOnEventListRestricted)
    vTaskPriorityInherit                     0x08005711   Thumb Code   164  tasks.o(i.vTaskPriorityInherit)
    vTaskSetTimeOutState                     0x080057c1   Thumb Code    32  tasks.o(i.vTaskSetTimeOutState)
    vTaskStartScheduler                      0x0800580d   Thumb Code   108  tasks.o(i.vTaskStartScheduler)
    vTaskSuspendAll                          0x080058b9   Thumb Code    12  tasks.o(i.vTaskSuspendAll)
    vTaskSwitchContext                       0x080058c9   Thumb Code   110  tasks.o(i.vTaskSwitchContext)
    wiz_read_buf                             0x08005971   Thumb Code    78  w5500.o(i.wiz_read_buf)
    wiz_write_buf                            0x080059d9   Thumb Code    80  w5500.o(i.wiz_write_buf)
    writeCString                             0x08005a41   Thumb Code    40  mqttpacket.o(i.writeCString)
    writeChar                                0x08005a69   Thumb Code    12  mqttpacket.o(i.writeChar)
    writeInt                                 0x08005a75   Thumb Code    48  mqttpacket.o(i.writeInt)
    writeMQTTString                          0x08005aa5   Thumb Code    62  mqttpacket.o(i.writeMQTTString)
    xPortStartScheduler                      0x08005ae5   Thumb Code   140  port.o(i.xPortStartScheduler)
    xPortSysTickHandler                      0x08005b85   Thumb Code    46  port.o(i.xPortSysTickHandler)
    xQueueGenericCreate                      0x08005bb9   Thumb Code    78  queue.o(i.xQueueGenericCreate)
    xQueueGenericReceive                     0x08005c2d   Thumb Code   416  queue.o(i.xQueueGenericReceive)
    xQueueGenericReset                       0x08005df5   Thumb Code   136  queue.o(i.xQueueGenericReset)
    xQueueGenericSend                        0x08005ea5   Thumb Code   412  queue.o(i.xQueueGenericSend)
    xQueueGenericSendFromISR                 0x08006069   Thumb Code   234  queue.o(i.xQueueGenericSendFromISR)
    xTaskCheckForTimeOut                     0x08006179   Thumb Code   116  tasks.o(i.xTaskCheckForTimeOut)
    xTaskCreate                              0x08006219   Thumb Code    96  tasks.o(i.xTaskCreate)
    xTaskGetSchedulerState                   0x08006279   Thumb Code    24  tasks.o(i.xTaskGetSchedulerState)
    xTaskGetTickCount                        0x08006299   Thumb Code     6  tasks.o(i.xTaskGetTickCount)
    xTaskIncrementTick                       0x080062a5   Thumb Code   272  tasks.o(i.xTaskIncrementTick)
    xTaskPriorityDisinherit                  0x08006405   Thumb Code   168  tasks.o(i.xTaskPriorityDisinherit)
    xTaskRemoveFromEventList                 0x080064dd   Thumb Code   118  tasks.o(i.xTaskRemoveFromEventList)
    xTaskResumeAll                           0x08006591   Thumb Code   214  tasks.o(i.xTaskResumeAll)
    xTimerCreateTimerTask                    0x080066b1   Thumb Code    56  timers.o(i.xTimerCreateTimerTask)
    xTimerGenericCommand                     0x08006725   Thumb Code   118  timers.o(i.xTimerGenericCommand)
    AHBPrescTable                            0x080067c8   Data          16  system_stm32f1xx.o(.constdata)
    APBPrescTable                            0x080067d8   Data           8  system_stm32f1xx.o(.constdata)
    Region$$Table$$Base                      0x08006838   Number         0  anon$$obj.o(Region$$Table)
    Region$$Table$$Limit                     0x08006858   Number         0  anon$$obj.o(Region$$Table)
    StartTask_Handler                        0x20000000   Data           4  main.o(.data)
    LED0Task_Handler                         0x20000004   Data           4  main.o(.data)
    SystemCoreClock                          0x20000008   Data           4  system_stm32f1xx.o(.data)
    uwTick                                   0x2000000c   Data           4  stm32f1xx_hal.o(.data)
    uwTickPrio                               0x20000010   Data           4  stm32f1xx_hal.o(.data)
    uwTickFreq                               0x20000014   Data           1  stm32f1xx_hal.o(.data)
    USART_RX_STA                             0x2000001a   Data           2  usart.o(.data)
    aRxBuffer                                0x2000001c   Data           1  usart.o(.data)
    txsize                                   0x2000001d   Data           8  device.o(.data)
    rxsize                                   0x20000025   Data           8  device.o(.data)
    mac                                      0x2000002d   Data           6  device.o(.data)
    lip                                      0x20000033   Data           4  device.o(.data)
    sub                                      0x20000037   Data           4  device.o(.data)
    gw                                       0x2000003b   Data           4  device.o(.data)
    dns                                      0x2000003f   Data           4  device.o(.data)
    pxCurrentTCB                             0x20000048   Data           4  tasks.o(.data)
    mqtt_server_ip                           0x200000c0   Data           4  tcp_client.o(.data)
    server_port                              0x200000c4   Data           2  tcp_client.o(.data)
    local_port                               0x200000c6   Data           2  tcp_client.o(.data)
    len                                      0x200000c8   Data           2  tcp_client.o(.data)
    CONNECT_FLAG                             0x200000ca   Data           1  tcp_client.o(.data)
    SUB_FLAG                                 0x200000cb   Data           1  tcp_client.o(.data)
    PUB_FLAG                                 0x200000cc   Data           1  tcp_client.o(.data)
    dup                                      0x200000cd   Data           1  tcp_client.o(.data)
    qos                                      0x200000d0   Data           4  tcp_client.o(.data)
    retained                                 0x200000d4   Data           1  tcp_client.o(.data)
    mssageid                                 0x200000d6   Data           2  tcp_client.o(.data)
    payloadlen_in                            0x200000d8   Data           4  tcp_client.o(.data)
    payload_in                               0x200000dc   Data           4  tcp_client.o(.data)
    topic                                    0x200000e0   Data         100  tcp_client.o(.data)
    count                                    0x20000144   Data           4  tcp_client.o(.data)
    __stdout                                 0x20000148   Data           4  stdout.o(.data)
    USART_RX_BUF                             0x2000014c   Data         200  usart.o(.bss)
    UART1_Handler                            0x20000214   Data          64  usart.o(.bss)
    ConfigMsg                                0x20000254   Data          46  device.o(.bss)
    RecvMsg                                  0x20000282   Data          46  device.o(.bss)
    pub_buf                                  0x200002b0   Data        1460  device.o(.bss)
    SPI2_Handler                             0x20000864   Data          88  spi.o(.bss)
    xQueueRegistry                           0x200008dc   Data          64  queue.o(.bss)
    msgbuf                                   0x20005c28   Data        1024  tcp_client.o(.bss)
    ser_cmd                                  0x20006028   Data         240  tcp_client.o(.bss)
    receivedTopic                            0x20006118   Data          12  tcp_client.o(.bss)
    new_topic                                0x20006124   Data         100  tcp_client.o(.bss)
    rebuf                                    0x20006188   Data        1024  tcp_client.o(.bss)
    __initial_sp                             0x20006988   Data           0  startup_stm32f103xe.o(STACK)



==============================================================================

Memory Map of the image

  Image Entry point : 0x08000131

  Load Region LR_IROM1 (Base: 0x08000000, Size: 0x000069a4, Max: 0x00080000, ABSOLUTE, COMPRESSED[0x000068b4])

    Execution Region ER_IROM1 (Base: 0x08000000, Size: 0x00006858, Max: 0x00080000, ABSOLUTE)

    Base Addr    Size         Type   Attr      Idx    E Section Name        Object

    0x08000000   0x00000130   Data   RO         4125    RESET               startup_stm32f103xe.o
    0x08000130   0x00000000   Code   RO         7905  * .ARM.Collect$$$$00000000  mc_w.l(entry.o)
    0x08000130   0x00000004   Code   RO         8251    .ARM.Collect$$$$00000001  mc_w.l(entry2.o)
    0x08000134   0x00000004   Code   RO         8254    .ARM.Collect$$$$00000004  mc_w.l(entry5.o)
    0x08000138   0x00000000   Code   RO         8256    .ARM.Collect$$$$00000008  mc_w.l(entry7b.o)
    0x08000138   0x00000000   Code   RO         8258    .ARM.Collect$$$$0000000A  mc_w.l(entry8b.o)
    0x08000138   0x00000008   Code   RO         8259    .ARM.Collect$$$$0000000B  mc_w.l(entry9a.o)
    0x08000140   0x00000000   Code   RO         8261    .ARM.Collect$$$$0000000D  mc_w.l(entry10a.o)
    0x08000140   0x00000000   Code   RO         8263    .ARM.Collect$$$$0000000F  mc_w.l(entry11a.o)
    0x08000140   0x00000004   Code   RO         8252    .ARM.Collect$$$$00002712  mc_w.l(entry2.o)
    0x08000144   0x00000096   Code   RO         6221    .emb_text           port.o
    0x080001da   0x00000002   PAD
    0x080001dc   0x00000024   Code   RO         4126    .text               startup_stm32f103xe.o
    0x08000200   0x00000020   Code   RO         7908    .text               mc_w.l(llushr.o)
    0x08000220   0x00000024   Code   RO         7912    .text               mc_w.l(memcpya.o)
    0x08000244   0x00000024   Code   RO         7914    .text               mc_w.l(memseta.o)
    0x08000268   0x00000018   Code   RO         7916    .text               mc_w.l(strcat.o)
    0x08000280   0x00000024   Code   RO         7918    .text               mc_w.l(strstr.o)
    0x080002a4   0x00000018   Code   RO         7920    .text               mc_w.l(strncpy.o)
    0x080002bc   0x0000000e   Code   RO         7922    .text               mc_w.l(strlen.o)
    0x080002ca   0x00000012   Code   RO         7928    .text               mc_w.l(strcpy.o)
    0x080002dc   0x000000e4   Code   RO         8239    .text               mf_w.l(dmul.o)
    0x080003c0   0x00000030   Code   RO         8249    .text               mf_w.l(cdrcmple.o)
    0x080003f0   0x0000002c   Code   RO         8266    .text               mc_w.l(uidiv.o)
    0x0800041c   0x00000062   Code   RO         8268    .text               mc_w.l(uldiv.o)
    0x0800047e   0x00000000   Code   RO         8278    .text               mc_w.l(iusefp.o)
    0x0800047e   0x000000ba   Code   RO         8281    .text               mf_w.l(depilogue.o)
    0x08000538   0x0000014e   Code   RO         8283    .text               mf_w.l(dadd.o)
    0x08000686   0x000000de   Code   RO         8285    .text               mf_w.l(ddiv.o)
    0x08000764   0x00000030   Code   RO         8289    .text               mf_w.l(dfixul.o)
    0x08000794   0x00000024   Code   RO         8293    .text               mc_w.l(init.o)
    0x080007b8   0x0000001e   Code   RO         8295    .text               mc_w.l(llshl.o)
    0x080007d6   0x00000024   Code   RO         8297    .text               mc_w.l(llsshr.o)
    0x080007fa   0x00000056   Code   RO         8314    .text               mc_w.l(__dczerorl2.o)
    0x08000850   0x00000004   Code   RO          331    i.BusFault_Handler  stm32f1xx_it.o
    0x08000854   0x00000002   Code   RO          332    i.DebugMon_Handler  stm32f1xx_it.o
    0x08000856   0x00000002   PAD
    0x08000858   0x00000044   Code   RO         4318    i.GPIO_Configuration  device.o
    0x0800089c   0x000001a8   Code   RO          949    i.HAL_DMA_Abort_IT  stm32f1xx_hal_dma.o
    0x08000a44   0x00000340   Code   RO         1344    i.HAL_GPIO_Init     stm32f1xx_hal_gpio.o
    0x08000d84   0x0000000c   Code   RO         1348    i.HAL_GPIO_WritePin  stm32f1xx_hal_gpio.o
    0x08000d90   0x0000000c   Code   RO          518    i.HAL_GetTick       stm32f1xx_hal.o
    0x08000d9c   0x00000028   Code   RO          525    i.HAL_Init          stm32f1xx_hal.o
    0x08000dc4   0x0000004c   Code   RO          526    i.HAL_InitTick      stm32f1xx_hal.o
    0x08000e10   0x00000002   Code   RO          296    i.HAL_MspInit       stm32f1xx_hal_msp.o
    0x08000e12   0x00000020   Code   RO          683    i.HAL_NVIC_EnableIRQ  stm32f1xx_hal_cortex.o
    0x08000e32   0x0000007c   Code   RO          689    i.HAL_NVIC_SetPriority  stm32f1xx_hal_cortex.o
    0x08000eae   0x00000002   PAD
    0x08000eb0   0x00000028   Code   RO          690    i.HAL_NVIC_SetPriorityGrouping  stm32f1xx_hal_cortex.o
    0x08000ed8   0x0000018c   Code   RO         1775    i.HAL_RCC_ClockConfig  stm32f1xx_hal_rcc.o
    0x08001064   0x0000000c   Code   RO         1780    i.HAL_RCC_GetHCLKFreq  stm32f1xx_hal_rcc.o
    0x08001070   0x00000020   Code   RO         1782    i.HAL_RCC_GetPCLK1Freq  stm32f1xx_hal_rcc.o
    0x08001090   0x00000020   Code   RO         1783    i.HAL_RCC_GetPCLK2Freq  stm32f1xx_hal_rcc.o
    0x080010b0   0x00000094   Code   RO         1784    i.HAL_RCC_GetSysClockFreq  stm32f1xx_hal_rcc.o
    0x08001144   0x00000464   Code   RO         1787    i.HAL_RCC_OscConfig  stm32f1xx_hal_rcc.o
    0x080015a8   0x0000009c   Code   RO         2205    i.HAL_SPI_Init      stm32f1xx_hal_spi.o
    0x08001644   0x00000064   Code   RO         4457    i.HAL_SPI_MspInit   spi.o
    0x080016a8   0x000002ee   Code   RO         2214    i.HAL_SPI_TransmitReceive  stm32f1xx_hal_spi.o
    0x08001996   0x00000028   Code   RO          692    i.HAL_SYSTICK_CLKSourceConfig  stm32f1xx_hal_cortex.o
    0x080019be   0x00000034   Code   RO          694    i.HAL_SYSTICK_Config  stm32f1xx_hal_cortex.o
    0x080019f2   0x00000002   Code   RO         3502    i.HAL_UART_ErrorCallback  stm32f1xx_hal_uart.o
    0x080019f4   0x00000014   Code   RO         3504    i.HAL_UART_GetState  stm32f1xx_hal_uart.o
    0x08001a08   0x0000014c   Code   RO         3505    i.HAL_UART_IRQHandler  stm32f1xx_hal_uart.o
    0x08001b54   0x00000072   Code   RO         3506    i.HAL_UART_Init     stm32f1xx_hal_uart.o
    0x08001bc6   0x00000002   PAD
    0x08001bc8   0x000000a8   Code   RO         4229    i.HAL_UART_MspInit  usart.o
    0x08001c70   0x00000070   Code   RO         3511    i.HAL_UART_Receive_IT  stm32f1xx_hal_uart.o
    0x08001ce0   0x00000088   Code   RO         4230    i.HAL_UART_RxCpltCallback  usart.o
    0x08001d68   0x00000002   Code   RO         3517    i.HAL_UART_TxCpltCallback  stm32f1xx_hal_uart.o
    0x08001d6a   0x00000004   Code   RO          333    i.HardFault_Handler  stm32f1xx_it.o
    0x08001d6e   0x0000000a   Code   RO         4724    i.IINCHIP_CSoff     w5500.o
    0x08001d78   0x0000000a   Code   RO         4725    i.IINCHIP_CSon      w5500.o
    0x08001d82   0x00000032   Code   RO         4726    i.IINCHIP_READ      w5500.o
    0x08001db4   0x0000000c   Code   RO         4727    i.IINCHIP_SpiSendData  w5500.o
    0x08001dc0   0x00000032   Code   RO         4728    i.IINCHIP_WRITE     w5500.o
    0x08001df2   0x00000002   PAD
    0x08001df4   0x00000080   Code   RO         4294    i.LED_Init          led.o
    0x08001e74   0x00000128   Code   RO         6537    i.MQTTDeserialize_publish  mqttdeserializepublish.o
    0x08001f9c   0x00000058   Code   RO         6624    i.MQTTPacket_decode  mqttpacket.o
    0x08001ff4   0x0000001c   Code   RO         6625    i.MQTTPacket_decodeBuf  mqttpacket.o
    0x08002010   0x00000036   Code   RO         6627    i.MQTTPacket_encode  mqttpacket.o
    0x08002046   0x00000002   PAD
    0x08002048   0x00000028   Code   RO         6629    i.MQTTPacket_len    mqttpacket.o
    0x08002070   0x00000168   Code   RO         6450    i.MQTTSerialize_connect  mqttconnectclient.o
    0x080021d8   0x00000076   Code   RO         6451    i.MQTTSerialize_connectLength  mqttconnectclient.o
    0x0800224e   0x000000b0   Code   RO         6742    i.MQTTSerialize_publish  mqttserializepublish.o
    0x080022fe   0x00000022   Code   RO         6743    i.MQTTSerialize_publishLength  mqttserializepublish.o
    0x08002320   0x000000b0   Code   RO         6782    i.MQTTSerialize_subscribe  mqttsubscribeclient.o
    0x080023d0   0x0000002e   Code   RO         6783    i.MQTTSerialize_subscribeLength  mqttsubscribeclient.o
    0x080023fe   0x0000004c   Code   RO         6454    i.MQTTSerialize_zero  mqttconnectclient.o
    0x0800244a   0x00000002   PAD
    0x0800244c   0x0000050c   Code   RO         6984    i.MQTT_CON_ALI      tcp_client.o
    0x08002958   0x00000018   Code   RO         6632    i.MQTTstrlen        mqttpacket.o
    0x08002970   0x00000004   Code   RO          334    i.MemManage_Handler  stm32f1xx_it.o
    0x08002974   0x00000002   Code   RO          335    i.NMI_Handler       stm32f1xx_it.o
    0x08002976   0x00000002   PAD
    0x08002978   0x00000028   Code   RO         1788    i.RCC_Delay         stm32f1xx_hal_rcc.o
    0x080029a0   0x0000002c   Code   RO         4319    i.Reset_W5500       device.o
    0x080029cc   0x00000020   Code   RO         4459    i.SPI2_SendByte     spi.o
    0x080029ec   0x00000028   Code   RO         2245    i.SPI_EndRxTxTransaction  stm32f1xx_hal_spi.o
    0x08002a14   0x00000006   Code   RO         2246    i.SPI_ISCRCErrorValid  stm32f1xx_hal_spi.o
    0x08002a1a   0x000000a8   Code   RO         2253    i.SPI_WaitFlagStateUntilTimeout  stm32f1xx_hal_spi.o
    0x08002ac2   0x00000056   Code   RO         4186    i.Stm32_Clock_Init  sys.o
    0x08002b18   0x00000010   Code   RO         4133    i.SysTick_Handler   delay.o
    0x08002b28   0x00000058   Code   RO          389    i.SystemInit        system_stm32f1xx.o
    0x08002b80   0x00000014   Code   RO         3519    i.UART_DMAAbortOnError  stm32f1xx_hal_uart.o
    0x08002b94   0x00000020   Code   RO         3529    i.UART_EndRxTransfer  stm32f1xx_hal_uart.o
    0x08002bb4   0x00000020   Code   RO         3530    i.UART_EndTransmit_IT  stm32f1xx_hal_uart.o
    0x08002bd4   0x000000a6   Code   RO         3532    i.UART_Receive_IT   stm32f1xx_hal_uart.o
    0x08002c7a   0x00000002   PAD
    0x08002c7c   0x000001a0   Code   RO         3533    i.UART_SetConfig    stm32f1xx_hal_uart.o
    0x08002e1c   0x00000068   Code   RO         3534    i.UART_Transmit_IT  stm32f1xx_hal_uart.o
    0x08002e84   0x00000040   Code   RO         4231    i.USART1_IRQHandler  usart.o
    0x08002ec4   0x00000004   Code   RO          336    i.UsageFault_Handler  stm32f1xx_it.o
    0x08002ec8   0x00000028   Code   RO         4461    i.WIZ_CS            spi.o
    0x08002ef0   0x00000050   Code   RO         4462    i.WIZ_SPI_Init      spi.o
    0x08002f40   0x00000020   Code   RO         8175    i.__0printf         mc_w.l(printfa.o)
    0x08002f60   0x00000010   Code   RO          696    i.__NVIC_GetPriorityGrouping  stm32f1xx_hal_cortex.o
    0x08002f70   0x00000028   Code   RO          697    i.__NVIC_SetPriority  stm32f1xx_hal_cortex.o
    0x08002f98   0x0000000e   Code   RO         8308    i.__scatterload_copy  mc_w.l(handlers.o)
    0x08002fa6   0x00000002   Code   RO         8309    i.__scatterload_null  mc_w.l(handlers.o)
    0x08002fa8   0x0000000e   Code   RO         8310    i.__scatterload_zeroinit  mc_w.l(handlers.o)
    0x08002fb6   0x00000002   PAD
    0x08002fb8   0x00000164   Code   RO         8182    i._fp_digits        mc_w.l(printfa.o)
    0x0800311c   0x000006dc   Code   RO         8183    i._printf_core      mc_w.l(printfa.o)
    0x080037f8   0x00000024   Code   RO         8184    i._printf_post_padding  mc_w.l(printfa.o)
    0x0800381c   0x0000002e   Code   RO         8185    i._printf_pre_padding  mc_w.l(printfa.o)
    0x0800384a   0x00000002   PAD
    0x0800384c   0x00000028   Code   RO         6633    i.bufchar           mqttpacket.o
    0x08003874   0x00000034   Code   RO         4368    i.close             socket.o
    0x080038a8   0x000000f8   Code   RO         4369    i.connect           socket.o
    0x080039a0   0x0000005c   Code   RO         4134    i.delay_init        delay.o
    0x080039fc   0x00000040   Code   RO         4135    i.delay_ms          delay.o
    0x08003a3c   0x00000048   Code   RO         4136    i.delay_us          delay.o
    0x08003a84   0x0000001c   Code   RO         4233    i.fputc             usart.o
    0x08003aa0   0x00000010   Code   RO         4730    i.getGAR            w5500.o
    0x08003ab0   0x00000010   Code   RO         4733    i.getIINCHIP_TxMAX  w5500.o
    0x08003ac0   0x00000012   Code   RO         4737    i.getSIPR           w5500.o
    0x08003ad2   0x00000012   Code   RO         4738    i.getSUBR           w5500.o
    0x08003ae4   0x00000012   Code   RO         4739    i.getSn_IR          w5500.o
    0x08003af6   0x00000054   Code   RO         4740    i.getSn_RX_RSR      w5500.o
    0x08003b4a   0x00000012   Code   RO         4741    i.getSn_SR          w5500.o
    0x08003b5c   0x00000054   Code   RO         4742    i.getSn_TX_FSR      w5500.o
    0x08003bb0   0x00000008   Code   RO            4    i.led0_task         main.o
    0x08003bb8   0x00000064   Code   RO            5    i.main              main.o
    0x08003c1c   0x00000048   Code   RO         6876    i.make_con_msg      mqtt_fun.o
    0x08003c64   0x00000012   Code   RO         6877    i.make_ping_msg     mqtt_fun.o
    0x08003c76   0x00000060   Code   RO         6878    i.make_pub_msg      mqtt_fun.o
    0x08003cd6   0x0000004c   Code   RO         6879    i.make_sub_msg      mqtt_fun.o
    0x08003d22   0x0000001a   Code   RO         6880    i.mqtt_decode_msg   mqtt_fun.o
    0x08003d3c   0x00000098   Code   RO         5707    i.prvAddCurrentTaskToDelayedList  tasks.o
    0x08003dd4   0x000000b8   Code   RO         5708    i.prvAddNewTaskToReadyList  tasks.o
    0x08003e8c   0x00000064   Code   RO         6079    i.prvCheckForValidListAndQueue  timers.o
    0x08003ef0   0x00000064   Code   RO         5709    i.prvCheckTasksWaitingTermination  tasks.o
    0x08003f54   0x0000002a   Code   RO         5459    i.prvCopyDataFromQueue  queue.o
    0x08003f7e   0x0000007c   Code   RO         5460    i.prvCopyDataToQueue  queue.o
    0x08003ffa   0x00000012   Code   RO         5710    i.prvDeleteTCB      tasks.o
    0x0800400c   0x00000028   Code   RO         6080    i.prvGetNextExpireTime  timers.o
    0x08004034   0x0000007c   Code   RO         6310    i.prvHeapInit       heap_4.o
    0x080040b0   0x00000028   Code   RO         5711    i.prvIdleTask       tasks.o
    0x080040d8   0x0000002e   Code   RO         5462    i.prvInitialiseNewQueue  queue.o
    0x08004106   0x00000002   PAD
    0x08004108   0x000000d0   Code   RO         5712    i.prvInitialiseNewTask  tasks.o
    0x080041d8   0x00000068   Code   RO         5713    i.prvInitialiseTaskLists  tasks.o
    0x08004240   0x00000068   Code   RO         6311    i.prvInsertBlockIntoFreeList  heap_4.o
    0x080042a8   0x00000058   Code   RO         6082    i.prvInsertTimerInActiveList  timers.o
    0x08004300   0x0000001a   Code   RO         5463    i.prvIsQueueEmpty   queue.o
    0x0800431a   0x0000001e   Code   RO         5464    i.prvIsQueueFull    queue.o
    0x08004338   0x000000a0   Code   RO         5465    i.prvNotifyQueueSetContainer  queue.o
    0x080043d8   0x00000080   Code   RO         6083    i.prvProcessExpiredTimer  timers.o
    0x08004458   0x0000012c   Code   RO         6084    i.prvProcessReceivedCommands  timers.o
    0x08004584   0x00000074   Code   RO         6085    i.prvProcessTimerOrBlockTask  timers.o
    0x080045f8   0x00000034   Code   RO         5715    i.prvResetNextTaskUnblockTime  tasks.o
    0x0800462c   0x0000002c   Code   RO         6086    i.prvSampleTimeNow  timers.o
    0x08004658   0x000000bc   Code   RO         6087    i.prvSwitchTimerLists  timers.o
    0x08004714   0x00000070   Code   RO         6222    i.prvTaskExitError  port.o
    0x08004784   0x0000001a   Code   RO         6088    i.prvTimerTask      timers.o
    0x0800479e   0x00000092   Code   RO         5466    i.prvUnlockQueue    queue.o
    0x08004830   0x00000154   Code   RO         6312    i.pvPortMalloc      heap_4.o
    0x08004984   0x00000020   Code   RO         5719    i.pvTaskIncrementMutexHeldCount  tasks.o
    0x080049a4   0x00000024   Code   RO         6223    i.pxPortInitialiseStack  port.o
    0x080049c8   0x0000000e   Code   RO         6635    i.readChar          mqttpacket.o
    0x080049d6   0x0000001a   Code   RO         6636    i.readInt           mqttpacket.o
    0x080049f0   0x00000048   Code   RO         6637    i.readMQTTLenString  mqttpacket.o
    0x08004a38   0x00000042   Code   RO         4372    i.recv              socket.o
    0x08004a7a   0x00000002   PAD
    0x08004a7c   0x00000094   Code   RO         4745    i.recv_data_processing  w5500.o
    0x08004b10   0x0000005e   Code   RO         6985    i.replace_string    tcp_client.o
    0x08004b6e   0x00000002   PAD
    0x08004b70   0x00000118   Code   RO         4374    i.send              socket.o
    0x08004c88   0x00000094   Code   RO         4746    i.send_data_processing  w5500.o
    0x08004d1c   0x00000010   Code   RO         4747    i.setGAR            w5500.o
    0x08004d2c   0x00000010   Code   RO         4749    i.setRCR            w5500.o
    0x08004d3c   0x0000001a   Code   RO         4750    i.setRTR            w5500.o
    0x08004d56   0x00000012   Code   RO         4751    i.setSHAR           w5500.o
    0x08004d68   0x00000012   Code   RO         4752    i.setSIPR           w5500.o
    0x08004d7a   0x00000012   Code   RO         4753    i.setSUBR           w5500.o
    0x08004d8c   0x00000016   Code   RO         4754    i.setSn_IR          w5500.o
    0x08004da2   0x00000002   PAD
    0x08004da4   0x00000060   Code   RO         4320    i.set_default       device.o
    0x08004e04   0x000000dc   Code   RO         4321    i.set_network       device.o
    0x08004ee0   0x000000c4   Code   RO         4376    i.socket            socket.o
    0x08004fa4   0x00000044   Code   RO            6    i.start_task        main.o
    0x08004fe8   0x00000138   Code   RO         4757    i.sysinit           w5500.o
    0x08005120   0x00000038   Code   RO         4234    i.uart_init         usart.o
    0x08005158   0x00000028   Code   RO         5410    i.uxListRemove      list.o
    0x08005180   0x0000001a   Code   RO         5411    i.vListInitialise   list.o
    0x0800519a   0x00000006   Code   RO         5412    i.vListInitialiseItem  list.o
    0x080051a0   0x00000034   Code   RO         5413    i.vListInsert       list.o
    0x080051d4   0x00000018   Code   RO         5414    i.vListInsertEnd    list.o
    0x080051ec   0x00000088   Code   RO         6225    i.vPortEnterCritical  port.o
    0x08005274   0x00000070   Code   RO         6226    i.vPortExitCritical  port.o
    0x080052e4   0x000000b8   Code   RO         6313    i.vPortFree         heap_4.o
    0x0800539c   0x00000020   Code   RO         6227    i.vPortSetupTimerInterrupt  port.o
    0x080053bc   0x000000a0   Code   RO         6228    i.vPortValidateInterruptPriority  port.o
    0x0800545c   0x0000002c   Code   RO         5472    i.vQueueAddToRegistry  queue.o
    0x08005488   0x0000004a   Code   RO         5476    i.vQueueWaitForMessageRestricted  queue.o
    0x080054d2   0x00000002   PAD
    0x080054d4   0x00000074   Code   RO         5727    i.vTaskDelay        tasks.o
    0x08005548   0x0000010c   Code   RO         5729    i.vTaskDelete       tasks.o
    0x08005654   0x0000000c   Code   RO         5733    i.vTaskMissedYield  tasks.o
    0x08005660   0x00000054   Code   RO         5735    i.vTaskPlaceOnEventList  tasks.o
    0x080056b4   0x0000005c   Code   RO         5736    i.vTaskPlaceOnEventListRestricted  tasks.o
    0x08005710   0x000000b0   Code   RO         5738    i.vTaskPriorityInherit  tasks.o
    0x080057c0   0x0000004c   Code   RO         5742    i.vTaskSetTimeOutState  tasks.o
    0x0800580c   0x000000ac   Code   RO         5743    i.vTaskStartScheduler  tasks.o
    0x080058b8   0x00000010   Code   RO         5745    i.vTaskSuspendAll   tasks.o
    0x080058c8   0x000000a8   Code   RO         5746    i.vTaskSwitchContext  tasks.o
    0x08005970   0x00000068   Code   RO         4758    i.wiz_read_buf      w5500.o
    0x080059d8   0x00000068   Code   RO         4759    i.wiz_write_buf     w5500.o
    0x08005a40   0x00000028   Code   RO         6638    i.writeCString      mqttpacket.o
    0x08005a68   0x0000000c   Code   RO         6639    i.writeChar         mqttpacket.o
    0x08005a74   0x00000030   Code   RO         6640    i.writeInt          mqttpacket.o
    0x08005aa4   0x0000003e   Code   RO         6641    i.writeMQTTString   mqttpacket.o
    0x08005ae2   0x00000002   PAD
    0x08005ae4   0x000000a0   Code   RO         6229    i.xPortStartScheduler  port.o
    0x08005b84   0x00000034   Code   RO         6230    i.xPortSysTickHandler  port.o
    0x08005bb8   0x00000074   Code   RO         5481    i.xQueueGenericCreate  queue.o
    0x08005c2c   0x000001c8   Code   RO         5482    i.xQueueGenericReceive  queue.o
    0x08005df4   0x000000b0   Code   RO         5483    i.xQueueGenericReset  queue.o
    0x08005ea4   0x000001c4   Code   RO         5484    i.xQueueGenericSend  queue.o
    0x08006068   0x00000110   Code   RO         5485    i.xQueueGenericSendFromISR  queue.o
    0x08006178   0x000000a0   Code   RO         5747    i.xTaskCheckForTimeOut  tasks.o
    0x08006218   0x00000060   Code   RO         5748    i.xTaskCreate       tasks.o
    0x08006278   0x00000020   Code   RO         5752    i.xTaskGetSchedulerState  tasks.o
    0x08006298   0x0000000c   Code   RO         5753    i.xTaskGetTickCount  tasks.o
    0x080062a4   0x00000160   Code   RO         5755    i.xTaskIncrementTick  tasks.o
    0x08006404   0x000000d8   Code   RO         5758    i.xTaskPriorityDisinherit  tasks.o
    0x080064dc   0x000000b4   Code   RO         5759    i.xTaskRemoveFromEventList  tasks.o
    0x08006590   0x00000120   Code   RO         5761    i.xTaskResumeAll    tasks.o
    0x080066b0   0x00000074   Code   RO         6092    i.xTimerCreateTimerTask  timers.o
    0x08006724   0x000000a4   Code   RO         6093    i.xTimerGenericCommand  timers.o
    0x080067c8   0x00000018   Data   RO          390    .constdata          system_stm32f1xx.o
    0x080067e0   0x00000058   Data   RO         6881    .constdata          mqtt_fun.o
    0x08006838   0x00000020   Data   RO         8306    Region$$Table       anon$$obj.o


    Execution Region RW_IRAM1 (Base: 0x20000000, Size: 0x00006988, Max: 0x00010000, ABSOLUTE, COMPRESSED[0x0000005c])

    Base Addr    Size         Type   Attr      Idx    E Section Name        Object

    0x20000000   0x00000008   Data   RW            7    .data               main.o
    0x20000008   0x00000004   Data   RW          391    .data               system_stm32f1xx.o
    0x2000000c   0x00000009   Data   RW          532    .data               stm32f1xx_hal.o
    0x20000015   0x00000001   PAD
    0x20000016   0x00000004   Data   RW         4138    .data               delay.o
    0x2000001a   0x00000003   Data   RW         4236    .data               usart.o
    0x2000001d   0x00000026   Data   RW         4323    .data               device.o
    0x20000043   0x00000001   PAD
    0x20000044   0x00000002   Data   RW         4377    .data               socket.o
    0x20000046   0x00000002   PAD
    0x20000048   0x0000003c   Data   RW         5764    .data               tasks.o
    0x20000084   0x00000014   Data   RW         6101    .data               timers.o
    0x20000098   0x0000000c   Data   RW         6231    .data               port.o
    0x200000a4   0x00000018   Data   RW         6318    .data               heap_4.o
    0x200000bc   0x00000004   Data   RW         6642    .data               mqttpacket.o
    0x200000c0   0x00000088   Data   RW         6987    .data               tcp_client.o
    0x20000148   0x00000004   Data   RW         8265    .data               mc_w.l(stdout.o)
    0x2000014c   0x00000108   Zero   RW         4235    .bss                usart.o
    0x20000254   0x00000610   Zero   RW         4322    .bss                device.o
    0x20000864   0x00000058   Zero   RW         4463    .bss                spi.o
    0x200008bc   0x00000020   Zero   RW         4760    .bss                w5500.o
    0x200008dc   0x00000040   Zero   RW         5496    .bss                queue.o
    0x2000091c   0x000002e4   Zero   RW         5763    .bss                tasks.o
    0x20000c00   0x00000028   Zero   RW         6100    .bss                timers.o
    0x20000c28   0x00005000   Zero   RW         6317    .bss                heap_4.o
    0x20005c28   0x00000960   Zero   RW         6986    .bss                tcp_client.o
    0x20006588   0x00000400   Zero   RW         4123    STACK               startup_stm32f103xe.o


==============================================================================

Image component sizes


      Code (inc. data)   RO Data    RW Data    ZI Data      Debug   Object Name

       244         26          0          4          0       2221   delay.o
       428        126          0         38       1552       4106   device.o
         0          0          0          0          0      11748   event_groups.o
       752        176          0         24      20480       3719   heap_4.o
       128         12          0          0          0        859   led.o
       148          0          0          0          0       2926   list.o
       176         46          0          8          0     472449   main.o
       288          4         88          0          0       4307   mqtt_fun.o
       554         18          0          0          0       4947   mqttconnectclient.o
       296         88          0          0          0       1534   mqttdeserializepublish.o
       548         22          0          4          0       8056   mqttpacket.o
       210          0          0          0          0       1654   mqttserializepublish.o
       222          0          0          0          0       2042   mqttsubscribeclient.o
       950        320          0         12          0       9941   port.o
      2164        238          0          0         64      14713   queue.o
       842         52          0          2          0       4868   socket.o
       252         28          0          0         88       2613   spi.o
        36          8        304          0       1024        768   startup_stm32f103xe.o
       128         24          0          9          0       5067   stm32f1xx_hal.o
       344         22          0          0          0      29449   stm32f1xx_hal_cortex.o
       424         10          0          0          0       1083   stm32f1xx_hal_dma.o
       844         40          0          0          0       2492   stm32f1xx_hal_gpio.o
         2          0          0          0          0        398   stm32f1xx_hal_msp.o
      1784        110          0          0          0       5520   stm32f1xx_hal_rcc.o
      1120          0          0          0          0       4535   stm32f1xx_hal_spi.o
      1352         10          0          0          0       7435   stm32f1xx_hal_uart.o
        20          0          0          0          0       2397   stm32f1xx_it.o
        86          0          0          0          0        667   sys.o
        88         18         24          4          0       1035   system_stm32f1xx.o
      3406        878          0         60        740      27783   tasks.o
      1386        352          0        136       2400       3347   tcp_client.o
      1310        312          0         20         40       8063   timers.o
       452         52          0          3        264       4729   usart.o
      1354        130          0          0         32      14839   w5500.o

    ----------------------------------------------------------------------
     22368       3122        448        328      26684     672310   Object Totals
         0          0         32          0          0          0   (incl. Generated)
        30          0          0          4          0          0   (incl. Padding)

    ----------------------------------------------------------------------

      Code (inc. data)   RO Data    RW Data    ZI Data      Debug   Library Member Name

        86          0          0          0          0          0   __dczerorl2.o
         0          0          0          0          0          0   entry.o
         0          0          0          0          0          0   entry10a.o
         0          0          0          0          0          0   entry11a.o
         8          4          0          0          0          0   entry2.o
         4          0          0          0          0          0   entry5.o
         0          0          0          0          0          0   entry7b.o
         0          0          0          0          0          0   entry8b.o
         8          4          0          0          0          0   entry9a.o
        30          0          0          0          0          0   handlers.o
        36          8          0          0          0         68   init.o
         0          0          0          0          0          0   iusefp.o
        30          0          0          0          0         68   llshl.o
        36          0          0          0          0         68   llsshr.o
        32          0          0          0          0         68   llushr.o
        36          0          0          0          0         68   memcpya.o
        36          0          0          0          0        108   memseta.o
      2226         90          0          0          0        444   printfa.o
         0          0          0          4          0          0   stdout.o
        24          0          0          0          0         68   strcat.o
        18          0          0          0          0         68   strcpy.o
        14          0          0          0          0         68   strlen.o
        24          0          0          0          0         76   strncpy.o
        36          0          0          0          0         80   strstr.o
        44          0          0          0          0         80   uidiv.o
        98          0          0          0          0         92   uldiv.o
        48          0          0          0          0         68   cdrcmple.o
       334          0          0          0          0        148   dadd.o
       222          0          0          0          0        100   ddiv.o
       186          0          0          0          0        176   depilogue.o
        48          0          0          0          0         68   dfixul.o
       228          0          0          0          0         96   dmul.o

    ----------------------------------------------------------------------
      3896        106          0          4          0       2080   Library Totals
         4          0          0          0          0          0   (incl. Padding)

    ----------------------------------------------------------------------

      Code (inc. data)   RO Data    RW Data    ZI Data      Debug   Library Name

      2826        106          0          4          0       1424   mc_w.l
      1066          0          0          0          0        656   mf_w.l

    ----------------------------------------------------------------------
      3896        106          0          4          0       2080   Library Totals

    ----------------------------------------------------------------------

==============================================================================


      Code (inc. data)   RO Data    RW Data    ZI Data      Debug   

     26264       3228        448        332      26684     663598   Grand Totals
     26264       3228        448         92      26684     663598   ELF Image Totals (compressed)
     26264       3228        448         92          0          0   ROM Totals

==============================================================================

    Total RO  Size (Code + RO Data)                26712 (  26.09kB)
    Total RW  Size (RW Data + ZI Data)             27016 (  26.38kB)
    Total ROM Size (Code + RO Data + RW Data)      26804 (  26.18kB)

==============================================================================

