<html>
<body>
<pre>
<h1>礦ision Build Log</h1>
<h2>Tool Versions:</h2>
IDE-Version: μVision V5.14.0.0
Copyright (C) 2015 ARM Ltd and ARM Germany GmbH. All rights reserved.
License Information: jack men, ST-d, LIC=Y2BMM-XC0CC-77MRP-MA2V6-UCXLE-HSJHM
 
Tool Versions:
Toolchain:       MDK-ARM Professional  Version: 5.14.0.0
Toolchain Path:  D:\keil5\ARM\ARMCC\Bin
C Compiler:      Armcc.exe V5.05 update 1 (build 106)
Assembler:       Armasm.exe V5.05 update 1 (build 106)
Linker/Locator:  ArmLink.exe V5.05 update 1 (build 106)
Library Manager: ArmAr.exe V5.05 update 1 (build 106)
Hex Converter:   FromElf.exe V5.05 update 1 (build 106)
CPU DLL:         SARMCM3.DLL V5.14.0.0
Dialog DLL:      DCM.DLL V1.13.1.0
Target DLL:      STLink\ST-LINKIII-KEIL_SWO.dll V2.0.14.0_KEIL
Dialog DLL:      TCM.DLL V1.14.4.0
 
<h2>Project:</h2>
D:\学习资料\阿里云项目相关\门禁\USER\menjin.uvprojx
Project File Date:  05/09/2020

<h2>Output:</h2>
Build target 'Target 1'
compiling main.c...
linking...
Program Size: Code=26264 RO-data=448 RW-data=332 ZI-data=26684  
FromELF: creating hex file...
"..\OBJ\menjin.axf" - 0 Error(s), 0 Warning(s).

<h2>Software Packages used:</h2>

Package Vendor: MDK-Packs
                https://github.com/MDK-Packs/Pack/raw/master/cJSON/MDK-Packs.cJSON.1.0.0.pack
                MDK-Packs::Data Exchange:JSON:cJSON:1.7.7
                Ultralightweight JSON parser in ANSI C
   * Component: cJSON Version: 1.7.7

<h2>Collection of Component include folders:</h2>
  D:\学习资料\阿里云项目相关\门禁\USER\RTE
  D:\keil5\ARM\PACK\Keil\STM32F1xx_DFP\2.3.0
  D:\keil5\ARM\PACK\MDK-Packs\cJSON\1.0.0

<h2>Collection of Component Files used:</h2>

   * Component: MDK-Packs::Data Exchange:JSON:cJSON:1.7.7
      Include file:  cJSON_Utils.h
      Include file:  cJSON.h
      Source file:   cJSON.c
      Source file:   cJSON_Utils.c
</pre>
</body>
</html>
